{"event": "fresh_start", "t": "13:10:46"}
{"step": 25, "ce": 8.24714, "surp": 197.09066, "rent": 0.96865, "div": -0.0513, "persist": -2.1678, "steps_per_s": 2.376, "t": "13:10:57"}
{"step": 50, "ce": 8.14695, "surp": 72.82768, "rent": 0.0674, "div": 0.23882, "persist": -1.56641, "steps_per_s": 2.486, "t": "13:11:06"}
{"step": 75, "ce": 8.40009, "surp": 190.4358, "rent": 0.9321, "div": 0.16291, "persist": -3.06201, "steps_per_s": 2.507, "t": "13:11:16"}
{"step": 100, "ce": 7.70564, "surp": 212.49344, "rent": 0.93746, "div": -0.09468, "persist": -3.82562, "steps_per_s": 2.744, "t": "13:11:23"}
{"step": 125, "self_mse": 0.00598, "var_floor": 1.0, "steps_per_s": 2.939, "t": "13:11:29"}
{"step": 150, "self_mse": 0.01184, "var_floor": 1.0, "steps_per_s": 3.098, "t": "13:11:34"}
{"step": 175, "self_mse": 0.0112, "var_floor": 1.0, "steps_per_s": 3.235, "t": "13:11:40"}
{"step": 200, "ce": 7.92434, "surp": 234.97194, "rent": 0.9985, "div": -0.14272, "persist": -6.03979, "steps_per_s": 3.281, "t": "13:11:47"}
{"step": 225, "ce": 6.60321, "surp": 236.0507, "rent": 0.99981, "div": -0.14252, "persist": -6.61653, "steps_per_s": 3.323, "t": "13:11:54"}
{"step": 250, "ce": 7.37402, "surp": 236.73192, "rent": 0.99996, "div": -0.14238, "persist": -7.10259, "steps_per_s": 3.364, "t": "13:12:00"}
{"step": 275, "ce": 7.89181, "surp": 237.20648, "rent": 0.99996, "div": -0.14269, "persist": -7.46106, "steps_per_s": 3.414, "t": "13:12:07"}
{"step": 300, "self_mse": 0.00813, "var_floor": 1.0, "steps_per_s": 3.467, "t": "13:12:13"}
{"step": 325, "ce": 7.66451, "surp": 237.82562, "rent": 0.99953, "div": -0.14267, "persist": -7.84446, "steps_per_s": 3.483, "t": "13:12:19"}
{"step": 350, "ce": 7.21717, "surp": 238.63806, "rent": 0.9999, "div": -0.14279, "persist": -7.94301, "steps_per_s": 3.502, "t": "13:12:26"}
{"step": 375, "self_mse": 0.015, "var_floor": 1.0, "steps_per_s": 3.506, "t": "13:12:33"}
{"step": 400, "self_mse": 0.00322, "var_floor": 1.0, "steps_per_s": 3.519, "t": "13:12:40"}
{"step": 425, "ce": 7.04291, "surp": 240.43714, "rent": 0.99984, "div": -0.14278, "persist": -7.99769, "steps_per_s": 3.547, "t": "13:12:46"}
{"step": 450, "ce": 7.87961, "surp": 240.26891, "rent": 0.99978, "div": -0.14244, "persist": -7.99881, "steps_per_s": 3.563, "t": "13:12:52"}
{"step": 475, "ce": 6.81227, "surp": 239.7413, "rent": 0.99932, "div": -0.14274, "persist": -7.99938, "steps_per_s": 3.597, "t": "13:12:58"}
{"step": 500, "ce": 7.56017, "surp": 240.22575, "rent": 0.99869, "div": -0.14277, "persist": -7.99992, "steps_per_s": 3.592, "t": "13:13:05"}
{"step": 500, "val_ce_nats": 7.6392, "floor_L1": 7.1, "floor_L2": 4.47, "t": "13:13:06"}
{"step": 525, "ce": 7.51217, "surp": 239.68923, "rent": 0.9956, "div": -0.14283, "persist": -8.0, "steps_per_s": 3.57, "t": "13:13:13"}
{"step": 550, "ce": 7.61685, "surp": 240.31989, "rent": 0.99919, "div": -0.14284, "persist": -8.0, "steps_per_s": 3.567, "t": "13:13:20"}
{"step": 575, "self_mse": 0.00487, "var_floor": 1.0, "steps_per_s": 3.563, "t": "13:13:27"}
{"step": 600, "self_mse": 0.01031, "var_floor": 1.0, "steps_per_s": 3.569, "t": "13:13:34"}
{"step": 625, "ce": 7.06349, "surp": 239.78071, "rent": 0.99557, "div": -0.14271, "persist": -8.0, "steps_per_s": 3.571, "t": "13:13:41"}
{"step": 650, "ce": 7.60508, "surp": 239.77544, "rent": 0.96104, "div": -0.14212, "persist": -8.0, "steps_per_s": 3.577, "t": "13:13:48"}
{"step": 675, "ce": 7.18285, "surp": 239.42896, "rent": 0.99914, "div": -0.14105, "persist": -8.0, "steps_per_s": 3.555, "t": "13:13:56"}
{"step": 700, "ce": 6.8092, "surp": 238.92236, "rent": 0.9957, "div": -0.14236, "persist": -8.0, "steps_per_s": 3.496, "t": "13:14:06"}
{"step": 725, "self_mse": 0.00398, "var_floor": 1.0, "steps_per_s": 3.478, "t": "13:14:15"}
{"step": 750, "self_mse": 0.0071, "var_floor": 1.0, "steps_per_s": 3.477, "t": "13:14:22"}
{"step": 775, "ce": 7.57484, "surp": 235.34773, "rent": 0.99715, "div": -0.1427, "persist": -8.0, "steps_per_s": 3.487, "t": "13:14:28"}
{"step": 800, "ce": 6.91633, "surp": 235.82294, "rent": 0.99222, "div": -0.14283, "persist": -8.0, "steps_per_s": 3.499, "t": "13:14:35"}
{"step": 825, "ce": 7.67858, "surp": 236.11345, "rent": 0.99142, "div": -0.14285, "persist": -8.0, "steps_per_s": 3.494, "t": "13:14:42"}
{"step": 850, "ce": 8.26736, "surp": 237.51664, "rent": 0.96873, "div": -0.14278, "persist": -8.0, "steps_per_s": 3.48, "t": "13:14:50"}
{"step": 875, "ce": 6.92806, "surp": 238.11124, "rent": 0.97405, "div": -0.1428, "persist": -8.0, "steps_per_s": 3.485, "t": "13:14:57"}
{"step": 900, "ce": 6.82182, "surp": 238.48142, "rent": 0.97242, "div": -0.1428, "persist": -8.0, "steps_per_s": 3.476, "t": "13:15:05"}
{"step": 925, "self_mse": 0.00361, "var_floor": 1.0, "steps_per_s": 3.483, "t": "13:15:12"}
{"step": 950, "self_mse": 0.01172, "var_floor": 1.0, "steps_per_s": 3.483, "t": "13:15:19"}
{"step": 975, "ce": 8.94596, "surp": 221.788, "rent": 0.9473, "div": -0.12706, "persist": -8.0, "steps_per_s": 3.483, "t": "13:15:26"}
{"step": 1000, "ce": 7.88695, "surp": 237.09569, "rent": 0.98745, "div": -0.14023, "persist": -8.0, "steps_per_s": 3.486, "t": "13:15:33"}
{"step": 1000, "val_ce_nats": 7.5426, "floor_L1": 7.1, "floor_L2": 4.47, "t": "13:15:34"}
{"step": 1025, "ce": 6.92332, "surp": 235.02504, "rent": 0.99986, "div": -0.1422, "persist": -8.0, "steps_per_s": 3.482, "t": "13:15:40"}
{"step": 1050, "ce": 7.77807, "surp": 233.6964, "rent": 0.99994, "div": -0.14283, "persist": -8.0, "steps_per_s": 3.49, "t": "13:15:47"}
{"step": 1075, "self_mse": 0.01062, "var_floor": 1.0, "steps_per_s": 3.494, "t": "13:15:54"}
{"step": 1100, "self_mse": 0.00309, "var_floor": 1.0, "steps_per_s": 3.504, "t": "13:16:00"}
{"step": 1125, "ce": 7.58324, "surp": 229.25567, "rent": 0.99994, "div": -0.14285, "persist": -8.0, "steps_per_s": 3.513, "t": "13:16:06"}
{"step": 1150, "self_mse": 0.01039, "var_floor": 1.0, "steps_per_s": 3.525, "t": "13:16:12"}
{"step": 1175, "ce": 7.59289, "surp": 227.14057, "rent": 0.99992, "div": -0.14285, "persist": -8.0, "steps_per_s": 3.525, "t": "13:16:19"}
{"step": 1200, "self_mse": 0.00662, "var_floor": 1.0, "steps_per_s": 3.521, "t": "13:16:27"}
{"step": 1225, "ce": 6.52088, "surp": 228.18984, "rent": 0.99992, "div": -0.14285, "persist": -8.0, "steps_per_s": 3.523, "t": "13:16:34"}
{"step": 1250, "ce": 6.99142, "surp": 227.25129, "rent": 0.99991, "div": -0.14285, "persist": -8.0, "steps_per_s": 3.526, "t": "13:16:41"}
{"step": 1275, "ce": 7.55637, "surp": 226.83105, "rent": 0.9999, "div": -0.14283, "persist": -8.0, "steps_per_s": 3.528, "t": "13:16:47"}
{"step": 1300, "self_mse": 0.00946, "var_floor": 1.0, "steps_per_s": 3.533, "t": "13:16:54"}
{"step": 1325, "self_mse": 0.00767, "var_floor": 1.0, "steps_per_s": 3.539, "t": "13:17:00"}
{"step": 1350, "ce": 6.22625, "surp": 224.10421, "rent": 0.99989, "div": -0.14285, "persist": -8.0, "steps_per_s": 3.533, "t": "13:17:08"}
{"step": 1375, "ce": 7.46151, "surp": 225.10594, "rent": 0.99987, "div": -0.14285, "persist": -8.0, "steps_per_s": 3.534, "t": "13:17:15"}
{"step": 1400, "ce": 7.7812, "surp": 224.86424, "rent": 0.99986, "div": -0.14279, "persist": -8.0, "steps_per_s": 3.533, "t": "13:17:22"}
{"step": 1425, "self_mse": 0.00455, "var_floor": 1.0, "steps_per_s": 3.532, "t": "13:17:29"}
{"step": 1450, "ce": 7.37022, "surp": 223.00372, "rent": 0.99983, "div": -0.14285, "persist": -8.0, "steps_per_s": 3.533, "t": "13:17:37"}
{"step": 1475, "ce": 7.41131, "surp": 222.43948, "rent": 0.99981, "div": -0.14285, "persist": -8.0, "steps_per_s": 3.531, "t": "13:17:44"}
{"step": 1500, "self_mse": 0.01284, "var_floor": 1.0, "steps_per_s": 3.519, "t": "13:17:52"}
{"step": 1500, "val_ce_nats": 7.4753, "floor_L1": 7.1, "floor_L2": 4.47, "t": "13:17:54"}
{"step": 1525, "self_mse": 0.00486, "var_floor": 1.0, "steps_per_s": 3.487, "t": "13:18:03"}
{"step": 1550, "self_mse": 0.00784, "var_floor": 1.0, "steps_per_s": 3.468, "t": "13:18:13"}
