{"kind": "loaded", "sid": "sPONR01", "ckpt_step": 3000, "device": "cuda", "patterns": 505, "guard": {"universe": "C:\\Users\\Anand\\Desktop\\Projects\\Zeus\\zeus_sandbox\\universe", "fs_guard": true, "open": true, "os.system_blocked": true}}
{"kind": "restored_hcm", "sid": "sPONR01", "from": "C:\\Users\\Anand\\Desktop\\Projects\\Zeus\\zeus_sandbox\\universe\\sessions\\sPONR01\\hcm.pt", "patterns": 512}
{"kind": "guard_ok", "fs": true}
{"kind": "session_start", "sid": "sPONR01", "warm": 60, "patterns": 512}
{"kind": "ready", "sid": "sPONR01", "msg": "prompts via universe/inbox; monitor zeus_sandbox/monitor_gui.py"}
{"kind": "vitals", "step": 120, "norm": 90.26, "mp": 0.0, "kicks": 23}
{"kind": "vitals", "step": 180, "norm": 87.73, "mp": 0.0, "kicks": 34}
{"kind": "reply", "sid": "sPONR01", "prompt": "Hello", "text": "ids.\n\nPty Please\nThe Boeing used the Acebridge Bridges-Leeds (now called The Fat Book, in 2009) was a test pilot. He was a part of the Fat", "recalls": 1, "norm": 85.98, "kicks": 30, "patterns": 512, "ts": 1788143121.927174}
{"kind": "vitals", "step": 240, "norm": 81.89, "mp": 0.0, "kicks": 46}
{"kind": "vitals", "step": 300, "norm": 81.06, "mp": 0.0, "kicks": 57}
{"kind": "reply", "sid": "sPONR01", "prompt": "Hi", "text": "\u00dfe: Waltzing the song's lyrics and used to be the new Pi\u0144ski family.\n\nThe Arapidway is a  industrial town in Pi\u0144czecno, Poland. It", "recalls": 1, "norm": 86.44, "kicks": 56, "patterns": 512, "ts": 1788143123.9680223}
{"kind": "vitals", "step": 360, "norm": 81.55, "mp": 0.0, "kicks": 68}
{"kind": "reply", "sid": "sPONR01", "prompt": "Hey!", "text": " Dr. The Waltz Club Women's Home Journal).\n\n1944 births\n2020 deaths\nActors from London\nActors from London\nAmerican movie actors\nAmerican stage actors\nAmerican television actors\nAmerican movie actors\nAmerican voice actors\n", "recalls": 1, "norm": 86.69, "kicks": 58, "patterns": 512, "ts": 1788143128.7590165}
{"kind": "vitals", "step": 420, "norm": 83.33, "mp": 0.0, "kicks": 79}
{"kind": "reply", "sid": "sPONR01", "prompt": "Hello, Can you hear me?", "text": " greater the golome of the song's crystal golome?\u201d\n\nBiography\nShe was born in Grant, Texas and grew up in Kansas. When she was 19 years old, she started working for the n", "recalls": 1, "norm": 81.55, "kicks": 68, "patterns": 512, "ts": 1788143134.211948}
{"kind": "vitals", "step": 480, "norm": 80.85, "mp": 18.52, "kicks": 90}
{"kind": "reply", "sid": "sPONR01", "prompt": "I am Anand.", "text": " Dr. James and his brother David and his wife had given the Nobel laughing rights to Herbert and Leslie D'Andrean. The movie was based on the book by Jean-Baptiste's son, R", "recalls": 1, "norm": 80.25, "kicks": 79, "patterns": 512, "ts": 1788143139.7032678}
{"kind": "vitals", "step": 540, "norm": 90.04, "mp": 0.0, "kicks": 102}
{"kind": "reply", "sid": "sPONR01", "prompt": "Zeus?", "text": " greater the golzing of the Soviet Union.\n\n1944 births\n2020 deaths\nActors from London\nActors from London\nAmerican movie actors\nAmerican stage actors\nAmerican television actors\nAmerican movie actors\nAmerican voice actors\n", "recalls": 1, "norm": 79.28, "kicks": 91, "patterns": 512, "ts": 1788143145.2926}
{"kind": "vitals", "step": 600, "norm": 92.76, "mp": 0.0, "kicks": 113}
{"kind": "reply", "sid": "sPONR01", "prompt": "Hi", "text": "\u00dfe: Waltzing the song's lyrics and used to be the new Pi\u0144ski family.\n\nThe Arapidway is a  industrial town in Pi\u0144czecno, Poland. It", "recalls": 1, "norm": 90.04, "kicks": 102, "patterns": 512, "ts": 1788143150.4624028}
{"kind": "vitals", "step": 660, "norm": 87.14, "mp": 0.0, "kicks": 124}
{"kind": "reply", "sid": "sPONR01", "prompt": "Hello", "text": "ids.\n\nPty Please\nThe Boeing used the Acebridge Bridges-Leeds (now called The Fat Book, in 2009) was a test pilot. He was a part of the Fat", "recalls": 1, "norm": 92.76, "kicks": 113, "patterns": 512, "ts": 1788143156.0424094}
{"kind": "vitals", "step": 720, "norm": 83.7, "mp": 0.0, "kicks": 136}
{"kind": "reply", "sid": "sPONR01", "prompt": "Hello, Zeus.", "text": " Dr. James and his brother, and his wife, Melissa, comes from him. Her body and the boy is also seen as a dwarf. He is trained by a grandson.\n\nHe was born in", "recalls": 1, "norm": 87.14, "kicks": 124, "patterns": 512, "ts": 1788143161.509337}
{"kind": "vitals", "step": 780, "norm": 85.07, "mp": 0.0, "kicks": 147}
{"kind": "reply", "sid": "sPONR01", "prompt": "Hello.", "text": " Dr. David and his brother David and his wife had given the Nobel laughing rights to Herbert and Leslie. Grant decided to retire from playing the role of Aaron Hutchinson in 1968.\n\nShe was born", "recalls": 1, "norm": 83.7, "kicks": 136, "patterns": 512, "ts": 1788143166.8674479}
{"kind": "vitals", "step": 840, "norm": 83.54, "mp": 0.0, "kicks": 158}
{"kind": "reply", "sid": "sPONR01", "prompt": "Hey", "text": "coming golithography.\n\nThe Boeing used the Acebridge Brand Whitaker and the Acebridge were used by the Acebridge Acebridge. The Acebridge airline was", "recalls": 1, "norm": 85.07, "kicks": 147, "patterns": 512, "ts": 1788143172.442307}
{"kind": "vitals", "step": 900, "norm": 80.92, "mp": 0.0, "kicks": 169}
{"kind": "reply", "sid": "sPONR01", "prompt": "Hello, Zeus. This is Harsha speaking.", "text": " Dr. James and his brother are mentally abused by his teammate, and also is the only person who is trained by their father.\n\nTwo types of rods are usually made of wood, but", "recalls": 1, "norm": 83.54, "kicks": 158, "patterns": 512, "ts": 1788143178.0340157}
{"kind": "vitals", "step": 960, "norm": 77.31, "mp": 18.905, "kicks": 180}
{"kind": "reply", "sid": "sPONR01", "prompt": "hi", "text": "roditations and opponent(1995)\n\nThe Interface of what is called a tasksman. There is a wide range of tasks. Some tasks were usually less than 30 cm (20 \u00b0C", "recalls": 1, "norm": 73.76, "kicks": 170, "patterns": 512, "ts": 1788143183.6589682}
{"kind": "vitals", "step": 1020, "norm": 87.54, "mp": 0.0, "kicks": 192}
{"kind": "reply", "sid": "sPONR01", "prompt": "my name is anand", "text": "ra.\n\nPty Please\nThe Walk of Fame inductees in 2001. Her first album, Mathie, was released in September 2001. The album was released on 19 September 2005. Also included's single \"P", "recalls": 1, "norm": 77.31, "kicks": 180, "patterns": 512, "ts": 1788143189.4502232}
{"kind": "vitals", "step": 1080, "norm": 91.47, "mp": 0.0, "kicks": 203}
{"kind": "reply", "sid": "sPONR01", "prompt": "can you hear me?", "text": " greater the golome of the song's crystal golome\n Payla taser, Mathi joksa d'Apoda. When Mathi mathiwaj's sonatana", "recalls": 1, "norm": 87.54, "kicks": 192, "patterns": 512, "ts": 1788143194.733881}
{"kind": "vitals", "step": 1140, "norm": 89.59, "mp": 0.0, "kicks": 214}
{"kind": "reply", "sid": "sPONR01", "prompt": "probe salt copper axe", "text": "velopment.\n\nPreviously supported crystal gifts\n Pietro Herzlukowski as Grant's chief exterior\n Pietro Pietro Educi di Cambio: Piet", "recalls": 1, "norm": 91.47, "kicks": 203, "patterns": 512, "ts": 1788143200.48409}
{"kind": "vitals", "step": 1200, "norm": 84.34, "mp": 0.0, "kicks": 226}
{"kind": "reply", "sid": "sPONR01", "prompt": "probe salt copper axe", "text": "velopment.\n\nPreviously supported crystal gifts\n Pietro Herzlukowski as Grant's chief exterior\n Pietro Pietro Educi di Cambio: Piet", "recalls": 1, "norm": 89.59, "kicks": 214, "patterns": 512, "ts": 1788143205.9504948}
{"kind": "vitals", "step": 1260, "norm": 83.15, "mp": 0.0, "kicks": 237}
{"kind": "reply", "sid": "sPONR01", "prompt": "hello", "text": "ids.\n\nPty Please\nThe Boeing used the Acebridge Bridges-Leeds (now called The Fat Book, in 2009) was a test pilot. He was a part of the Fat", "recalls": 1, "norm": 87.12, "kicks": 226, "patterns": 512, "ts": 1788143211.06717}
{"kind": "vitals", "step": 1320, "norm": 85.04, "mp": 0.0, "kicks": 248}
{"kind": "vitals", "step": 1380, "norm": 83.61, "mp": 0.0, "kicks": 259}
{"kind": "vitals", "step": 1440, "norm": 78.44, "mp": 18.09, "kicks": 270}
{"kind": "vitals", "step": 1500, "norm": 89.52, "mp": 0.0, "kicks": 282}
{"kind": "vitals", "step": 1560, "norm": 94.29, "mp": 0.0, "kicks": 293}
{"kind": "vitals", "step": 1620, "norm": 87.69, "mp": 0.0, "kicks": 304}
{"kind": "vitals", "step": 1680, "norm": 81.63, "mp": 0.0, "kicks": 316}
{"kind": "vitals", "step": 1740, "norm": 81.16, "mp": 0.0, "kicks": 327}
{"kind": "vitals", "step": 1800, "norm": 81.81, "mp": 0.0, "kicks": 338}
{"kind": "vitals", "step": 1860, "norm": 82.5, "mp": 0.0, "kicks": 349}
{"kind": "vitals", "step": 1920, "norm": 81.36, "mp": 17.737, "kicks": 360}
{"kind": "vitals", "step": 1980, "norm": 91.38, "mp": 0.0, "kicks": 372}
{"kind": "vitals", "step": 2040, "norm": 94.11, "mp": 0.0, "kicks": 383}
{"kind": "vitals", "step": 2100, "norm": 88.19, "mp": 0.0, "kicks": 394}
{"kind": "vitals", "step": 2160, "norm": 83.35, "mp": 0.0, "kicks": 406}
{"kind": "vitals", "step": 2220, "norm": 81.11, "mp": 0.0, "kicks": 417}
{"kind": "vitals", "step": 2280, "norm": 81.07, "mp": 0.0, "kicks": 428}
{"kind": "vitals", "step": 2340, "norm": 85.15, "mp": 0.0, "kicks": 439}
{"kind": "vitals", "step": 2400, "norm": 84.81, "mp": 18.067, "kicks": 450}
{"kind": "vitals", "step": 2460, "norm": 93.59, "mp": 0.0, "kicks": 462}
{"kind": "vitals", "step": 2520, "norm": 93.39, "mp": 0.0, "kicks": 473}
{"kind": "vitals", "step": 2580, "norm": 87.79, "mp": 0.0, "kicks": 484}
{"kind": "vitals", "step": 2640, "norm": 82.01, "mp": 0.0, "kicks": 496}
{"kind": "reply", "sid": "sPONR01", "prompt": "probe salt copper axe", "text": "velopment.\n\nPreviously supported crystal gifts\n Pietro Herzlukowski as Grant's chief exterior\n Pietro Pietro Educi di Cambio: Piet", "recalls": 1, "norm": 83.86, "kicks": 485, "patterns": 512, "ts": 1788143303.2998302}
{"kind": "vitals", "step": 2700, "norm": 81.12, "mp": 0.0, "kicks": 507}
{"kind": "reply", "sid": "sPONR01", "prompt": "probe salt copper axe", "text": "velopment.\n\nPreviously supported crystal gifts\n Pietro Herzlukowski as Grant's chief exterior\n Pietro Pietro Educi di Cambio: Piet", "recalls": 1, "norm": 82.01, "kicks": 496, "patterns": 512, "ts": 1788143308.6664233}
{"kind": "vitals", "step": 2760, "norm": 82.98, "mp": 0.0, "kicks": 518}
{"kind": "vitals", "step": 2820, "norm": 86.29, "mp": 0.0, "kicks": 529}
{"kind": "vitals", "step": 2880, "norm": 84.93, "mp": 18.102, "kicks": 540}
{"kind": "vitals", "step": 2940, "norm": 92.58, "mp": 0.0, "kicks": 552}
{"kind": "vitals", "step": 3000, "norm": 91.19, "mp": 0.0, "kicks": 563}
{"kind": "vitals", "step": 3060, "norm": 85.54, "mp": 0.0, "kicks": 574}
{"kind": "vitals", "step": 3120, "norm": 80.43, "mp": 0.0, "kicks": 586}
{"kind": "vitals", "step": 3180, "norm": 79.87, "mp": 0.0, "kicks": 597}
{"kind": "vitals", "step": 3240, "norm": 82.08, "mp": 0.0, "kicks": 608}
{"kind": "vitals", "step": 3300, "norm": 83.61, "mp": 0.0, "kicks": 619}
{"kind": "vitals", "step": 3360, "norm": 79.01, "mp": 18.091, "kicks": 630}
{"kind": "vitals", "step": 3420, "norm": 86.37, "mp": 0.0, "kicks": 642}
{"kind": "vitals", "step": 3480, "norm": 89.11, "mp": 0.0, "kicks": 653}
{"kind": "vitals", "step": 3540, "norm": 85.27, "mp": 0.0, "kicks": 664}
{"kind": "vitals", "step": 3600, "norm": 80.57, "mp": 0.0, "kicks": 676}
{"kind": "vitals", "step": 3660, "norm": 82.61, "mp": 0.0, "kicks": 687}
{"kind": "vitals", "step": 3720, "norm": 85.1, "mp": 0.0, "kicks": 698}
{"kind": "vitals", "step": 3780, "norm": 85.75, "mp": 0.0, "kicks": 709}
{"kind": "vitals", "step": 3840, "norm": 78.95, "mp": 19.311, "kicks": 720}
{"kind": "vitals", "step": 3900, "norm": 87.12, "mp": 0.0, "kicks": 732}
{"kind": "vitals", "step": 3960, "norm": 88.05, "mp": 0.0, "kicks": 743}
{"kind": "vitals", "step": 4020, "norm": 83.24, "mp": 0.0, "kicks": 754}
{"kind": "vitals", "step": 4080, "norm": 79.53, "mp": 0.0, "kicks": 766}
{"kind": "vitals", "step": 4140, "norm": 82.72, "mp": 0.0, "kicks": 777}
{"kind": "vitals", "step": 4200, "norm": 84.84, "mp": 0.0, "kicks": 788}
{"kind": "vitals", "step": 4260, "norm": 84.45, "mp": 0.0, "kicks": 799}
{"kind": "vitals", "step": 4320, "norm": 78.76, "mp": 18.773, "kicks": 810}
{"kind": "vitals", "step": 4380, "norm": 86.98, "mp": 0.0, "kicks": 822}
{"kind": "vitals", "step": 4440, "norm": 91.88, "mp": 0.0, "kicks": 833}
{"kind": "vitals", "step": 4500, "norm": 88.69, "mp": 0.0, "kicks": 844}
{"kind": "vitals", "step": 4560, "norm": 85.08, "mp": 0.0, "kicks": 856}
{"kind": "vitals", "step": 4620, "norm": 84.91, "mp": 0.0, "kicks": 867}
{"kind": "vitals", "step": 4680, "norm": 83.23, "mp": 0.0, "kicks": 878}
{"kind": "vitals", "step": 4740, "norm": 81.84, "mp": 0.0, "kicks": 889}
{"kind": "vitals", "step": 4800, "norm": 78.15, "mp": 17.329, "kicks": 900}
{"kind": "vitals", "step": 4860, "norm": 87.89, "mp": 0.0, "kicks": 912}
{"kind": "vitals", "step": 4920, "norm": 93.32, "mp": 0.0, "kicks": 923}
{"kind": "vitals", "step": 4980, "norm": 87.98, "mp": 0.0, "kicks": 934}
{"kind": "vitals", "step": 5040, "norm": 82.27, "mp": 0.0, "kicks": 946}
{"kind": "vitals", "step": 5100, "norm": 80.25, "mp": 0.0, "kicks": 957}
{"kind": "vitals", "step": 5160, "norm": 81.03, "mp": 0.0, "kicks": 968}
{"kind": "vitals", "step": 5220, "norm": 81.48, "mp": 0.0, "kicks": 979}
{"kind": "vitals", "step": 5280, "norm": 79.83, "mp": 17.35, "kicks": 990}
{"kind": "vitals", "step": 5340, "norm": 93.81, "mp": 0.0, "kicks": 1002}
{"kind": "vitals", "step": 5400, "norm": 99.02, "mp": 0.0, "kicks": 1013}
{"kind": "vitals", "step": 5460, "norm": 87.67, "mp": 0.0, "kicks": 1024}
{"kind": "vitals", "step": 5520, "norm": 82.21, "mp": 0.0, "kicks": 1036}
{"kind": "vitals", "step": 5580, "norm": 85.06, "mp": 0.0, "kicks": 1047}
{"kind": "vitals", "step": 5640, "norm": 83.27, "mp": 0.0, "kicks": 1058}
{"kind": "vitals", "step": 5700, "norm": 81.65, "mp": 0.0, "kicks": 1069}
{"kind": "vitals", "step": 5760, "norm": 80.43, "mp": 17.877, "kicks": 1080}
{"kind": "vitals", "step": 5820, "norm": 92.12, "mp": 0.0, "kicks": 1092}
{"kind": "vitals", "step": 5880, "norm": 95.27, "mp": 0.0, "kicks": 1103}
{"kind": "vitals", "step": 5940, "norm": 88.72, "mp": 0.0, "kicks": 1114}
{"kind": "vitals", "step": 6000, "norm": 83.98, "mp": 0.0, "kicks": 1126}
{"kind": "vitals", "step": 6060, "norm": 83.44, "mp": 0.0, "kicks": 1137}
{"kind": "vitals", "step": 6120, "norm": 82.95, "mp": 0.0, "kicks": 1148}
{"kind": "vitals", "step": 6180, "norm": 82.87, "mp": 0.0, "kicks": 1159}
{"kind": "vitals", "step": 6240, "norm": 79.12, "mp": 17.878, "kicks": 1170}
{"kind": "vitals", "step": 6300, "norm": 87.58, "mp": 0.0, "kicks": 1182}
{"kind": "vitals", "step": 6360, "norm": 91.72, "mp": 0.0, "kicks": 1193}
{"kind": "vitals", "step": 6420, "norm": 87.82, "mp": 0.0, "kicks": 1204}
{"kind": "vitals", "step": 6480, "norm": 80.9, "mp": 0.0, "kicks": 1216}
{"kind": "vitals", "step": 6540, "norm": 80.66, "mp": 0.0, "kicks": 1227}
{"kind": "vitals", "step": 6600, "norm": 81.54, "mp": 0.0, "kicks": 1238}
{"kind": "vitals", "step": 6660, "norm": 81.76, "mp": 0.0, "kicks": 1249}
{"kind": "vitals", "step": 6720, "norm": 79.8, "mp": 17.853, "kicks": 1260}
{"kind": "vitals", "step": 6780, "norm": 92.41, "mp": 0.0, "kicks": 1272}
{"kind": "vitals", "step": 6840, "norm": 94.29, "mp": 0.0, "kicks": 1283}
{"kind": "vitals", "step": 6900, "norm": 85.21, "mp": 0.0, "kicks": 1294}
{"kind": "vitals", "step": 6960, "norm": 79.21, "mp": 0.0, "kicks": 1306}
{"kind": "vitals", "step": 7020, "norm": 81.19, "mp": 0.0, "kicks": 1317}
{"kind": "vitals", "step": 7080, "norm": 82.33, "mp": 0.0, "kicks": 1328}
{"kind": "vitals", "step": 7140, "norm": 83.8, "mp": 0.0, "kicks": 1339}
{"kind": "vitals", "step": 7200, "norm": 81.15, "mp": 17.681, "kicks": 1350}
{"kind": "vitals", "step": 7260, "norm": 89.32, "mp": 0.0, "kicks": 1362}
{"kind": "vitals", "step": 7320, "norm": 92.27, "mp": 0.0, "kicks": 1373}
{"kind": "vitals", "step": 7380, "norm": 87.04, "mp": 0.0, "kicks": 1384}
{"kind": "vitals", "step": 7440, "norm": 83.3, "mp": 0.0, "kicks": 1396}
{"kind": "vitals", "step": 7500, "norm": 83.81, "mp": 0.0, "kicks": 1407}
{"kind": "vitals", "step": 7560, "norm": 82.73, "mp": 0.0, "kicks": 1418}
{"kind": "vitals", "step": 7620, "norm": 81.68, "mp": 0.0, "kicks": 1429}
{"kind": "vitals", "step": 7680, "norm": 78.67, "mp": 18.108, "kicks": 1440}
{"kind": "vitals", "step": 7740, "norm": 88.75, "mp": 0.0, "kicks": 1452}
{"kind": "vitals", "step": 7800, "norm": 94.49, "mp": 0.0, "kicks": 1463}
{"kind": "vitals", "step": 7860, "norm": 89.11, "mp": 0.0, "kicks": 1474}
{"kind": "vitals", "step": 7920, "norm": 81.52, "mp": 0.0, "kicks": 1486}
{"kind": "vitals", "step": 7980, "norm": 82.73, "mp": 0.0, "kicks": 1497}
{"kind": "vitals", "step": 8040, "norm": 84.13, "mp": 0.0, "kicks": 1508}
{"kind": "vitals", "step": 8100, "norm": 82.98, "mp": 0.0, "kicks": 1519}
{"kind": "vitals", "step": 8160, "norm": 79.62, "mp": 18.388, "kicks": 1530}
{"kind": "vitals", "step": 8220, "norm": 89.38, "mp": 0.0, "kicks": 1542}
{"kind": "vitals", "step": 8280, "norm": 91.84, "mp": 0.0, "kicks": 1553}
{"kind": "vitals", "step": 8340, "norm": 87.25, "mp": 0.0, "kicks": 1564}
{"kind": "vitals", "step": 8400, "norm": 82.74, "mp": 0.0, "kicks": 1576}
{"kind": "vitals", "step": 8460, "norm": 83.4, "mp": 0.0, "kicks": 1587}
{"kind": "vitals", "step": 8520, "norm": 84.65, "mp": 0.0, "kicks": 1598}
{"kind": "vitals", "step": 8580, "norm": 85.72, "mp": 0.0, "kicks": 1609}
{"kind": "vitals", "step": 8640, "norm": 81.25, "mp": 17.324, "kicks": 1620}
{"kind": "vitals", "step": 8700, "norm": 88.69, "mp": 0.0, "kicks": 1632}
{"kind": "vitals", "step": 8760, "norm": 91.7, "mp": 0.0, "kicks": 1643}
{"kind": "vitals", "step": 8820, "norm": 89.1, "mp": 0.0, "kicks": 1654}
{"kind": "vitals", "step": 8880, "norm": 85.18, "mp": 0.0, "kicks": 1666}
{"kind": "vitals", "step": 8940, "norm": 83.58, "mp": 0.0, "kicks": 1677}
{"kind": "vitals", "step": 9000, "norm": 82.61, "mp": 0.0, "kicks": 1688}
{"kind": "vitals", "step": 9060, "norm": 81.28, "mp": 0.0, "kicks": 1699}
{"kind": "vitals", "step": 9120, "norm": 78.46, "mp": 18.246, "kicks": 1710}
{"kind": "vitals", "step": 9180, "norm": 89.6, "mp": 0.0, "kicks": 1722}
{"kind": "vitals", "step": 9240, "norm": 95.11, "mp": 0.0, "kicks": 1733}
{"kind": "vitals", "step": 9300, "norm": 92.26, "mp": 0.0, "kicks": 1744}
{"kind": "vitals", "step": 9360, "norm": 84.65, "mp": 0.0, "kicks": 1756}
{"kind": "vitals", "step": 9420, "norm": 83.19, "mp": 0.0, "kicks": 1767}
{"kind": "vitals", "step": 9480, "norm": 84.75, "mp": 0.0, "kicks": 1778}
{"kind": "vitals", "step": 9540, "norm": 84.49, "mp": 0.0, "kicks": 1789}
{"kind": "vitals", "step": 9600, "norm": 78.92, "mp": 17.62, "kicks": 1800}
{"kind": "vitals", "step": 9660, "norm": 90.05, "mp": 0.0, "kicks": 1812}
{"kind": "vitals", "step": 9720, "norm": 94.6, "mp": 0.0, "kicks": 1823}
{"kind": "vitals", "step": 9780, "norm": 89.16, "mp": 0.0, "kicks": 1834}
{"kind": "vitals", "step": 9840, "norm": 83.88, "mp": 0.0, "kicks": 1846}
{"kind": "vitals", "step": 9900, "norm": 82.5, "mp": 0.0, "kicks": 1857}
{"kind": "vitals", "step": 9960, "norm": 83.43, "mp": 0.0, "kicks": 1868}
{"kind": "vitals", "step": 10020, "norm": 83.93, "mp": 0.0, "kicks": 1879}
{"kind": "vitals", "step": 10080, "norm": 80.48, "mp": 18.192, "kicks": 1890}
{"kind": "vitals", "step": 10140, "norm": 90.23, "mp": 0.0, "kicks": 1902}
{"kind": "vitals", "step": 10200, "norm": 94.86, "mp": 0.0, "kicks": 1913}
{"kind": "vitals", "step": 10260, "norm": 90.61, "mp": 0.0, "kicks": 1924}
{"kind": "vitals", "step": 10320, "norm": 83.88, "mp": 0.0, "kicks": 1936}
{"kind": "vitals", "step": 10380, "norm": 80.41, "mp": 0.0, "kicks": 1947}
{"kind": "vitals", "step": 10440, "norm": 81.32, "mp": 0.0, "kicks": 1958}
{"kind": "vitals", "step": 10500, "norm": 82.0, "mp": 0.0, "kicks": 1969}
{"kind": "vitals", "step": 10560, "norm": 80.12, "mp": 18.07, "kicks": 1980}
{"kind": "vitals", "step": 10620, "norm": 88.33, "mp": 0.0, "kicks": 1992}
{"kind": "vitals", "step": 10680, "norm": 93.69, "mp": 0.0, "kicks": 2003}
{"kind": "vitals", "step": 10740, "norm": 88.62, "mp": 0.0, "kicks": 2014}
{"kind": "vitals", "step": 10800, "norm": 83.19, "mp": 0.0, "kicks": 2026}
{"kind": "vitals", "step": 10860, "norm": 81.43, "mp": 0.0, "kicks": 2037}
{"kind": "vitals", "step": 10920, "norm": 82.74, "mp": 0.0, "kicks": 2048}
{"kind": "vitals", "step": 10980, "norm": 83.14, "mp": 0.0, "kicks": 2059}
{"kind": "vitals", "step": 11040, "norm": 79.11, "mp": 17.78, "kicks": 2070}
{"kind": "vitals", "step": 11100, "norm": 89.92, "mp": 0.0, "kicks": 2082}
{"kind": "vitals", "step": 11160, "norm": 94.39, "mp": 0.0, "kicks": 2093}
{"kind": "vitals", "step": 11220, "norm": 87.8, "mp": 0.0, "kicks": 2104}
{"kind": "vitals", "step": 11280, "norm": 81.95, "mp": 0.0, "kicks": 2116}
{"kind": "vitals", "step": 11340, "norm": 85.38, "mp": 0.0, "kicks": 2127}
{"kind": "vitals", "step": 11400, "norm": 83.19, "mp": 0.0, "kicks": 2138}
{"kind": "vitals", "step": 11460, "norm": 83.46, "mp": 0.0, "kicks": 2149}
{"kind": "vitals", "step": 11520, "norm": 82.78, "mp": 17.854, "kicks": 2160}
{"kind": "vitals", "step": 11580, "norm": 91.28, "mp": 0.0, "kicks": 2172}
{"kind": "vitals", "step": 11640, "norm": 92.78, "mp": 0.0, "kicks": 2183}
{"kind": "vitals", "step": 11700, "norm": 86.43, "mp": 0.0, "kicks": 2194}
{"kind": "vitals", "step": 11760, "norm": 81.39, "mp": 0.0, "kicks": 2206}
{"kind": "vitals", "step": 11820, "norm": 83.21, "mp": 0.0, "kicks": 2217}
{"kind": "vitals", "step": 11880, "norm": 82.08, "mp": 0.0, "kicks": 2228}
{"kind": "vitals", "step": 11940, "norm": 80.72, "mp": 0.0, "kicks": 2239}
{"kind": "vitals", "step": 12000, "norm": 78.37, "mp": 17.058, "kicks": 2250}
{"kind": "vitals", "step": 12060, "norm": 87.57, "mp": 0.0, "kicks": 2262}
{"kind": "vitals", "step": 12120, "norm": 91.3, "mp": 0.0, "kicks": 2273}
{"kind": "vitals", "step": 12180, "norm": 88.64, "mp": 0.0, "kicks": 2284}
{"kind": "vitals", "step": 12240, "norm": 81.75, "mp": 0.0, "kicks": 2296}
{"kind": "vitals", "step": 12300, "norm": 79.11, "mp": 0.0, "kicks": 2307}
{"kind": "vitals", "step": 12360, "norm": 81.03, "mp": 0.0, "kicks": 2318}
{"kind": "vitals", "step": 12420, "norm": 81.86, "mp": 0.0, "kicks": 2329}
{"kind": "vitals", "step": 12480, "norm": 77.69, "mp": 17.317, "kicks": 2340}
{"kind": "vitals", "step": 12540, "norm": 88.21, "mp": 0.0, "kicks": 2352}
{"kind": "vitals", "step": 12600, "norm": 92.69, "mp": 0.0, "kicks": 2363}
{"kind": "vitals", "step": 12660, "norm": 89.34, "mp": 0.0, "kicks": 2374}
{"kind": "vitals", "step": 12720, "norm": 82.61, "mp": 0.0, "kicks": 2386}
{"kind": "vitals", "step": 12780, "norm": 81.75, "mp": 0.0, "kicks": 2397}
{"kind": "vitals", "step": 12840, "norm": 82.43, "mp": 0.0, "kicks": 2408}
{"kind": "vitals", "step": 12900, "norm": 81.97, "mp": 0.0, "kicks": 2419}
{"kind": "vitals", "step": 12960, "norm": 80.12, "mp": 18.098, "kicks": 2430}
{"kind": "vitals", "step": 13020, "norm": 91.25, "mp": 0.0, "kicks": 2442}
{"kind": "vitals", "step": 13080, "norm": 94.2, "mp": 0.0, "kicks": 2453}
{"kind": "vitals", "step": 13140, "norm": 88.54, "mp": 0.0, "kicks": 2464}
{"kind": "vitals", "step": 13200, "norm": 83.07, "mp": 0.0, "kicks": 2476}
{"kind": "vitals", "step": 13260, "norm": 83.59, "mp": 0.0, "kicks": 2487}
{"kind": "vitals", "step": 13320, "norm": 83.37, "mp": 0.0, "kicks": 2498}
{"kind": "vitals", "step": 13380, "norm": 82.5, "mp": 0.0, "kicks": 2509}
{"kind": "vitals", "step": 13440, "norm": 80.46, "mp": 19.037, "kicks": 2520}
{"kind": "vitals", "step": 13500, "norm": 90.4, "mp": 0.0, "kicks": 2532}
{"kind": "vitals", "step": 13560, "norm": 93.8, "mp": 0.0, "kicks": 2543}
{"kind": "vitals", "step": 13620, "norm": 91.05, "mp": 0.0, "kicks": 2554}
{"kind": "vitals", "step": 13680, "norm": 85.56, "mp": 0.0, "kicks": 2566}
{"kind": "vitals", "step": 13740, "norm": 80.86, "mp": 0.0, "kicks": 2577}
{"kind": "vitals", "step": 13800, "norm": 80.24, "mp": 0.0, "kicks": 2588}
{"kind": "vitals", "step": 13860, "norm": 80.21, "mp": 0.0, "kicks": 2599}
{"kind": "vitals", "step": 13920, "norm": 77.2, "mp": 17.899, "kicks": 2610}
{"kind": "vitals", "step": 13980, "norm": 86.87, "mp": 0.0, "kicks": 2622}
{"kind": "vitals", "step": 14040, "norm": 90.61, "mp": 0.0, "kicks": 2633}
{"kind": "vitals", "step": 14100, "norm": 91.13, "mp": 0.0, "kicks": 2644}
{"kind": "vitals", "step": 14160, "norm": 86.19, "mp": 0.0, "kicks": 2656}
{"kind": "vitals", "step": 14220, "norm": 83.62, "mp": 0.0, "kicks": 2667}
{"kind": "vitals", "step": 14280, "norm": 82.47, "mp": 0.0, "kicks": 2678}
{"kind": "vitals", "step": 14340, "norm": 80.82, "mp": 0.0, "kicks": 2689}
{"kind": "vitals", "step": 14400, "norm": 77.7, "mp": 17.978, "kicks": 2700}
{"kind": "vitals", "step": 14460, "norm": 90.33, "mp": 0.0, "kicks": 2712}
{"kind": "vitals", "step": 14520, "norm": 95.32, "mp": 0.0, "kicks": 2723}
{"kind": "vitals", "step": 14580, "norm": 88.36, "mp": 0.0, "kicks": 2734}
{"kind": "vitals", "step": 14640, "norm": 81.66, "mp": 0.0, "kicks": 2746}
{"kind": "vitals", "step": 14700, "norm": 80.19, "mp": 0.0, "kicks": 2757}
{"kind": "vitals", "step": 14760, "norm": 80.46, "mp": 0.0, "kicks": 2768}
{"kind": "vitals", "step": 14820, "norm": 81.6, "mp": 0.0, "kicks": 2779}
{"kind": "vitals", "step": 14880, "norm": 80.05, "mp": 17.502, "kicks": 2790}
{"kind": "vitals", "step": 14940, "norm": 89.19, "mp": 0.0, "kicks": 2802}
{"kind": "vitals", "step": 15000, "norm": 92.22, "mp": 0.0, "kicks": 2813}
{"kind": "vitals", "step": 15060, "norm": 87.82, "mp": 0.0, "kicks": 2824}
{"kind": "vitals", "step": 15120, "norm": 82.14, "mp": 0.0, "kicks": 2836}
{"kind": "vitals", "step": 15180, "norm": 83.1, "mp": 0.0, "kicks": 2847}
{"kind": "vitals", "step": 15240, "norm": 84.92, "mp": 0.0, "kicks": 2858}
{"kind": "vitals", "step": 15300, "norm": 83.51, "mp": 0.0, "kicks": 2869}
{"kind": "vitals", "step": 15360, "norm": 80.38, "mp": 17.697, "kicks": 2880}
{"kind": "vitals", "step": 15420, "norm": 89.94, "mp": 0.0, "kicks": 2892}
{"kind": "vitals", "step": 15480, "norm": 91.41, "mp": 0.0, "kicks": 2903}
{"kind": "vitals", "step": 15540, "norm": 85.16, "mp": 0.0, "kicks": 2914}
{"kind": "vitals", "step": 15600, "norm": 80.62, "mp": 0.0, "kicks": 2926}
{"kind": "vitals", "step": 15660, "norm": 81.48, "mp": 0.0, "kicks": 2937}
{"kind": "vitals", "step": 15720, "norm": 82.29, "mp": 0.0, "kicks": 2948}
{"kind": "vitals", "step": 15780, "norm": 83.54, "mp": 0.0, "kicks": 2959}
{"kind": "vitals", "step": 15840, "norm": 78.82, "mp": 17.221, "kicks": 2970}
{"kind": "vitals", "step": 15900, "norm": 89.17, "mp": 0.0, "kicks": 2982}
{"kind": "vitals", "step": 15960, "norm": 93.85, "mp": 0.0, "kicks": 2993}
{"kind": "vitals", "step": 16020, "norm": 88.63, "mp": 0.0, "kicks": 3004}
{"kind": "vitals", "step": 16080, "norm": 82.87, "mp": 0.0, "kicks": 3016}
{"kind": "vitals", "step": 16140, "norm": 81.97, "mp": 0.0, "kicks": 3027}
{"kind": "vitals", "step": 16200, "norm": 84.2, "mp": 0.0, "kicks": 3038}
{"kind": "vitals", "step": 16260, "norm": 86.11, "mp": 0.0, "kicks": 3049}
{"kind": "vitals", "step": 16320, "norm": 81.35, "mp": 19.312, "kicks": 3060}
{"kind": "vitals", "step": 16380, "norm": 89.68, "mp": 0.0, "kicks": 3072}
{"kind": "vitals", "step": 16440, "norm": 93.09, "mp": 0.0, "kicks": 3083}
{"kind": "vitals", "step": 16500, "norm": 88.28, "mp": 0.0, "kicks": 3094}
{"kind": "vitals", "step": 16560, "norm": 83.93, "mp": 0.0, "kicks": 3106}
{"kind": "vitals", "step": 16620, "norm": 85.68, "mp": 0.0, "kicks": 3117}
{"kind": "vitals", "step": 16680, "norm": 87.93, "mp": 0.0, "kicks": 3128}
{"kind": "vitals", "step": 16740, "norm": 87.23, "mp": 0.0, "kicks": 3139}
{"kind": "vitals", "step": 16800, "norm": 79.83, "mp": 17.589, "kicks": 3150}
{"kind": "vitals", "step": 16860, "norm": 89.06, "mp": 0.0, "kicks": 3162}
{"kind": "vitals", "step": 16920, "norm": 92.86, "mp": 0.0, "kicks": 3173}
{"kind": "vitals", "step": 16980, "norm": 88.45, "mp": 0.0, "kicks": 3184}
{"kind": "vitals", "step": 17040, "norm": 82.58, "mp": 0.0, "kicks": 3196}
{"kind": "vitals", "step": 17100, "norm": 86.11, "mp": 0.0, "kicks": 3207}
{"kind": "vitals", "step": 17160, "norm": 85.34, "mp": 0.0, "kicks": 3218}
{"kind": "vitals", "step": 17220, "norm": 82.42, "mp": 0.0, "kicks": 3229}
{"kind": "vitals", "step": 17280, "norm": 77.53, "mp": 17.7, "kicks": 3240}
{"kind": "vitals", "step": 17340, "norm": 86.95, "mp": 0.0, "kicks": 3252}
{"kind": "vitals", "step": 17400, "norm": 91.3, "mp": 0.0, "kicks": 3263}
{"kind": "vitals", "step": 17460, "norm": 88.6, "mp": 0.0, "kicks": 3274}
{"kind": "vitals", "step": 17520, "norm": 85.45, "mp": 0.0, "kicks": 3286}
{"kind": "vitals", "step": 17580, "norm": 84.29, "mp": 0.0, "kicks": 3297}
{"kind": "vitals", "step": 17640, "norm": 82.42, "mp": 0.0, "kicks": 3308}
{"kind": "vitals", "step": 17700, "norm": 81.1, "mp": 0.0, "kicks": 3319}
{"kind": "vitals", "step": 17760, "norm": 78.81, "mp": 18.435, "kicks": 3330}
{"kind": "vitals", "step": 17820, "norm": 87.2, "mp": 0.0, "kicks": 3342}
{"kind": "vitals", "step": 17880, "norm": 91.93, "mp": 0.0, "kicks": 3353}
{"kind": "vitals", "step": 17940, "norm": 85.8, "mp": 0.0, "kicks": 3364}
{"kind": "vitals", "step": 18000, "norm": 81.8, "mp": 0.0, "kicks": 3376}
{"kind": "vitals", "step": 18060, "norm": 82.3, "mp": 0.0, "kicks": 3387}
{"kind": "vitals", "step": 18120, "norm": 83.04, "mp": 0.0, "kicks": 3398}
{"kind": "vitals", "step": 18180, "norm": 81.62, "mp": 0.0, "kicks": 3409}
{"kind": "vitals", "step": 18240, "norm": 77.05, "mp": 18.604, "kicks": 3420}
{"kind": "vitals", "step": 18300, "norm": 87.24, "mp": 0.0, "kicks": 3432}
{"kind": "vitals", "step": 18360, "norm": 91.61, "mp": 0.0, "kicks": 3443}
{"kind": "vitals", "step": 18420, "norm": 86.36, "mp": 0.0, "kicks": 3454}
{"kind": "vitals", "step": 18480, "norm": 81.77, "mp": 0.0, "kicks": 3466}
{"kind": "vitals", "step": 18540, "norm": 81.17, "mp": 0.0, "kicks": 3477}
{"kind": "vitals", "step": 18600, "norm": 83.05, "mp": 0.0, "kicks": 3488}
{"kind": "vitals", "step": 18660, "norm": 85.34, "mp": 0.0, "kicks": 3499}
{"kind": "vitals", "step": 18720, "norm": 83.01, "mp": 18.283, "kicks": 3510}
{"kind": "vitals", "step": 18780, "norm": 93.58, "mp": 0.0, "kicks": 3522}
{"kind": "vitals", "step": 18840, "norm": 94.76, "mp": 0.0, "kicks": 3533}
{"kind": "vitals", "step": 18900, "norm": 88.36, "mp": 0.0, "kicks": 3544}
{"kind": "vitals", "step": 18960, "norm": 84.85, "mp": 0.0, "kicks": 3556}
{"kind": "vitals", "step": 19020, "norm": 84.72, "mp": 0.0, "kicks": 3567}
{"kind": "vitals", "step": 19080, "norm": 84.55, "mp": 0.0, "kicks": 3578}
{"kind": "vitals", "step": 19140, "norm": 84.43, "mp": 0.0, "kicks": 3589}
{"kind": "vitals", "step": 19200, "norm": 80.94, "mp": 19.534, "kicks": 3600}
{"kind": "vitals", "step": 19260, "norm": 91.84, "mp": 0.0, "kicks": 3612}
{"kind": "vitals", "step": 19320, "norm": 96.38, "mp": 0.0, "kicks": 3623}
{"kind": "vitals", "step": 19380, "norm": 92.16, "mp": 0.0, "kicks": 3634}
{"kind": "vitals", "step": 19440, "norm": 85.32, "mp": 0.0, "kicks": 3646}
{"kind": "vitals", "step": 19500, "norm": 84.87, "mp": 0.0, "kicks": 3657}
{"kind": "vitals", "step": 19560, "norm": 82.64, "mp": 0.0, "kicks": 3668}
{"kind": "vitals", "step": 19620, "norm": 85.21, "mp": 0.0, "kicks": 3679}
{"kind": "vitals", "step": 19680, "norm": 82.69, "mp": 17.984, "kicks": 3690}
{"kind": "vitals", "step": 19740, "norm": 88.8, "mp": 0.0, "kicks": 3702}
{"kind": "vitals", "step": 19800, "norm": 93.54, "mp": 0.0, "kicks": 3713}
{"kind": "vitals", "step": 19860, "norm": 88.06, "mp": 0.0, "kicks": 3724}
{"kind": "vitals", "step": 19920, "norm": 79.9, "mp": 0.0, "kicks": 3736}
{"kind": "vitals", "step": 19980, "norm": 80.38, "mp": 0.0, "kicks": 3747}
{"kind": "vitals", "step": 20040, "norm": 83.13, "mp": 0.0, "kicks": 3758}
{"kind": "vitals", "step": 20100, "norm": 83.67, "mp": 0.0, "kicks": 3769}
{"kind": "vitals", "step": 20160, "norm": 80.13, "mp": 17.722, "kicks": 3780}
{"kind": "vitals", "step": 20220, "norm": 87.4, "mp": 0.0, "kicks": 3792}
{"kind": "vitals", "step": 20280, "norm": 89.69, "mp": 0.0, "kicks": 3803}
{"kind": "vitals", "step": 20340, "norm": 84.44, "mp": 0.0, "kicks": 3814}
{"kind": "vitals", "step": 20400, "norm": 81.07, "mp": 0.0, "kicks": 3826}
{"kind": "vitals", "step": 20460, "norm": 84.35, "mp": 0.0, "kicks": 3837}
{"kind": "vitals", "step": 20520, "norm": 87.82, "mp": 0.0, "kicks": 3848}
{"kind": "vitals", "step": 20580, "norm": 85.25, "mp": 0.0, "kicks": 3859}
{"kind": "vitals", "step": 20640, "norm": 79.06, "mp": 19.303, "kicks": 3870}
{"kind": "vitals", "step": 20700, "norm": 88.52, "mp": 0.0, "kicks": 3882}
{"kind": "vitals", "step": 20760, "norm": 92.04, "mp": 0.0, "kicks": 3893}
{"kind": "vitals", "step": 20820, "norm": 90.2, "mp": 0.0, "kicks": 3904}
{"kind": "vitals", "step": 20880, "norm": 84.72, "mp": 0.0, "kicks": 3916}
{"kind": "vitals", "step": 20940, "norm": 84.52, "mp": 0.0, "kicks": 3927}
{"kind": "vitals", "step": 21000, "norm": 83.75, "mp": 0.0, "kicks": 3938}
{"kind": "vitals", "step": 21060, "norm": 82.06, "mp": 0.0, "kicks": 3949}
{"kind": "vitals", "step": 21120, "norm": 78.03, "mp": 18.881, "kicks": 3960}
{"kind": "vitals", "step": 21180, "norm": 88.03, "mp": 0.0, "kicks": 3972}
{"kind": "vitals", "step": 21240, "norm": 90.34, "mp": 0.0, "kicks": 3983}
{"kind": "vitals", "step": 21300, "norm": 84.6, "mp": 0.0, "kicks": 3994}
{"kind": "vitals", "step": 21360, "norm": 81.23, "mp": 0.0, "kicks": 4006}
{"kind": "vitals", "step": 21420, "norm": 82.21, "mp": 0.0, "kicks": 4017}
{"kind": "vitals", "step": 21480, "norm": 84.85, "mp": 0.0, "kicks": 4028}
{"kind": "vitals", "step": 21540, "norm": 81.8, "mp": 0.0, "kicks": 4039}
{"kind": "vitals", "step": 21600, "norm": 76.92, "mp": 18.063, "kicks": 4050}
{"kind": "vitals", "step": 21660, "norm": 86.69, "mp": 0.0, "kicks": 4062}
{"kind": "vitals", "step": 21720, "norm": 91.6, "mp": 0.0, "kicks": 4073}
{"kind": "vitals", "step": 21780, "norm": 86.89, "mp": 0.0, "kicks": 4084}
{"kind": "vitals", "step": 21840, "norm": 81.68, "mp": 0.0, "kicks": 4096}
{"kind": "vitals", "step": 21900, "norm": 80.74, "mp": 0.0, "kicks": 4107}
{"kind": "vitals", "step": 21960, "norm": 81.84, "mp": 0.0, "kicks": 4118}
{"kind": "vitals", "step": 22020, "norm": 82.5, "mp": 0.0, "kicks": 4129}
{"kind": "vitals", "step": 22080, "norm": 80.65, "mp": 18.585, "kicks": 4140}
{"kind": "vitals", "step": 22140, "norm": 91.01, "mp": 0.0, "kicks": 4152}
{"kind": "vitals", "step": 22200, "norm": 93.42, "mp": 0.0, "kicks": 4163}
{"kind": "vitals", "step": 22260, "norm": 88.54, "mp": 0.0, "kicks": 4174}
{"kind": "vitals", "step": 22320, "norm": 84.76, "mp": 0.0, "kicks": 4186}
{"kind": "vitals", "step": 22380, "norm": 84.65, "mp": 0.0, "kicks": 4197}
{"kind": "vitals", "step": 22440, "norm": 84.64, "mp": 0.0, "kicks": 4208}
{"kind": "vitals", "step": 22500, "norm": 84.15, "mp": 0.0, "kicks": 4219}
{"kind": "vitals", "step": 22560, "norm": 80.42, "mp": 18.769, "kicks": 4230}
{"kind": "vitals", "step": 22620, "norm": 91.29, "mp": 0.0, "kicks": 4242}
{"kind": "vitals", "step": 22680, "norm": 96.17, "mp": 0.0, "kicks": 4253}
{"kind": "vitals", "step": 22740, "norm": 89.51, "mp": 0.0, "kicks": 4264}
{"kind": "vitals", "step": 22800, "norm": 83.38, "mp": 0.0, "kicks": 4276}
{"kind": "vitals", "step": 22860, "norm": 82.96, "mp": 0.0, "kicks": 4287}
{"kind": "vitals", "step": 22920, "norm": 83.92, "mp": 0.0, "kicks": 4298}
{"kind": "vitals", "step": 22980, "norm": 84.9, "mp": 0.0, "kicks": 4309}
{"kind": "vitals", "step": 23040, "norm": 81.88, "mp": 17.907, "kicks": 4320}
{"kind": "vitals", "step": 23100, "norm": 92.86, "mp": 0.0, "kicks": 4332}
{"kind": "vitals", "step": 23160, "norm": 93.5, "mp": 0.0, "kicks": 4343}
{"kind": "vitals", "step": 23220, "norm": 85.42, "mp": 0.0, "kicks": 4354}
{"kind": "vitals", "step": 23280, "norm": 81.17, "mp": 0.0, "kicks": 4366}
{"kind": "vitals", "step": 23340, "norm": 80.52, "mp": 0.0, "kicks": 4377}
{"kind": "vitals", "step": 23400, "norm": 80.5, "mp": 0.0, "kicks": 4388}
{"kind": "vitals", "step": 23460, "norm": 81.89, "mp": 0.0, "kicks": 4399}
{"kind": "vitals", "step": 23520, "norm": 82.11, "mp": 18.059, "kicks": 4410}
{"kind": "vitals", "step": 23580, "norm": 91.83, "mp": 0.0, "kicks": 4422}
{"kind": "vitals", "step": 23640, "norm": 93.61, "mp": 0.0, "kicks": 4433}
{"kind": "vitals", "step": 23700, "norm": 87.05, "mp": 0.0, "kicks": 4444}
{"kind": "vitals", "step": 23760, "norm": 82.67, "mp": 0.0, "kicks": 4456}
{"kind": "vitals", "step": 23820, "norm": 82.85, "mp": 0.0, "kicks": 4467}
{"kind": "vitals", "step": 23880, "norm": 85.08, "mp": 0.0, "kicks": 4478}
{"kind": "vitals", "step": 23940, "norm": 84.7, "mp": 0.0, "kicks": 4489}
{"kind": "vitals", "step": 24000, "norm": 79.38, "mp": 17.739, "kicks": 4500}
{"kind": "vitals", "step": 24060, "norm": 88.74, "mp": 0.0, "kicks": 4512}
{"kind": "vitals", "step": 24120, "norm": 92.03, "mp": 0.0, "kicks": 4523}
{"kind": "vitals", "step": 24180, "norm": 87.85, "mp": 0.0, "kicks": 4534}
{"kind": "vitals", "step": 24240, "norm": 82.8, "mp": 0.0, "kicks": 4546}
{"kind": "vitals", "step": 24300, "norm": 83.27, "mp": 0.0, "kicks": 4557}
{"kind": "vitals", "step": 24360, "norm": 82.8, "mp": 0.0, "kicks": 4568}
{"kind": "vitals", "step": 24420, "norm": 83.14, "mp": 0.0, "kicks": 4579}
{"kind": "vitals", "step": 24480, "norm": 79.52, "mp": 17.834, "kicks": 4590}
{"kind": "vitals", "step": 24540, "norm": 91.32, "mp": 0.0, "kicks": 4602}
{"kind": "vitals", "step": 24600, "norm": 92.94, "mp": 0.0, "kicks": 4613}
{"kind": "vitals", "step": 24660, "norm": 87.33, "mp": 0.0, "kicks": 4624}
{"kind": "vitals", "step": 24720, "norm": 83.55, "mp": 0.0, "kicks": 4636}
{"kind": "vitals", "step": 24780, "norm": 82.08, "mp": 0.0, "kicks": 4647}
{"kind": "vitals", "step": 24840, "norm": 82.92, "mp": 0.0, "kicks": 4658}
{"kind": "vitals", "step": 24900, "norm": 84.29, "mp": 0.0, "kicks": 4669}
{"kind": "vitals", "step": 24960, "norm": 80.46, "mp": 17.211, "kicks": 4680}
{"kind": "vitals", "step": 25020, "norm": 89.15, "mp": 0.0, "kicks": 4692}
{"kind": "vitals", "step": 25080, "norm": 91.79, "mp": 0.0, "kicks": 4703}
{"kind": "vitals", "step": 25140, "norm": 87.15, "mp": 0.0, "kicks": 4714}
{"kind": "vitals", "step": 25200, "norm": 82.75, "mp": 0.0, "kicks": 4726}
{"kind": "vitals", "step": 25260, "norm": 83.88, "mp": 0.0, "kicks": 4737}
{"kind": "vitals", "step": 25320, "norm": 82.72, "mp": 0.0, "kicks": 4748}
{"kind": "vitals", "step": 25380, "norm": 84.52, "mp": 0.0, "kicks": 4759}
{"kind": "vitals", "step": 25440, "norm": 80.45, "mp": 20.157, "kicks": 4770}
{"kind": "vitals", "step": 25500, "norm": 91.08, "mp": 0.0, "kicks": 4782}
{"kind": "vitals", "step": 25560, "norm": 92.01, "mp": 0.0, "kicks": 4793}
{"kind": "vitals", "step": 25620, "norm": 88.12, "mp": 0.0, "kicks": 4804}
{"kind": "vitals", "step": 25680, "norm": 82.91, "mp": 0.0, "kicks": 4816}
{"kind": "vitals", "step": 25740, "norm": 82.81, "mp": 0.0, "kicks": 4827}
{"kind": "vitals", "step": 25800, "norm": 82.92, "mp": 0.0, "kicks": 4838}
{"kind": "vitals", "step": 25860, "norm": 83.01, "mp": 0.0, "kicks": 4849}
{"kind": "vitals", "step": 25920, "norm": 79.69, "mp": 18.284, "kicks": 4860}
{"kind": "vitals", "step": 25980, "norm": 89.98, "mp": 0.0, "kicks": 4872}
{"kind": "vitals", "step": 26040, "norm": 93.93, "mp": 0.0, "kicks": 4883}
{"kind": "vitals", "step": 26100, "norm": 91.99, "mp": 0.0, "kicks": 4894}
{"kind": "vitals", "step": 26160, "norm": 85.35, "mp": 0.0, "kicks": 4906}
{"kind": "vitals", "step": 26220, "norm": 83.25, "mp": 0.0, "kicks": 4917}
{"kind": "vitals", "step": 26280, "norm": 83.84, "mp": 0.0, "kicks": 4928}
{"kind": "vitals", "step": 26340, "norm": 83.64, "mp": 0.0, "kicks": 4939}
{"kind": "vitals", "step": 26400, "norm": 81.35, "mp": 18.623, "kicks": 4950}
{"kind": "vitals", "step": 26460, "norm": 94.95, "mp": 0.0, "kicks": 4962}
{"kind": "vitals", "step": 26520, "norm": 99.64, "mp": 0.0, "kicks": 4973}
{"kind": "vitals", "step": 26580, "norm": 90.25, "mp": 0.0, "kicks": 4984}
{"kind": "vitals", "step": 26640, "norm": 82.22, "mp": 0.0, "kicks": 4996}
{"kind": "vitals", "step": 26700, "norm": 82.42, "mp": 0.0, "kicks": 5007}
{"kind": "vitals", "step": 26760, "norm": 84.03, "mp": 0.0, "kicks": 5018}
{"kind": "vitals", "step": 26820, "norm": 81.57, "mp": 0.0, "kicks": 5029}
{"kind": "vitals", "step": 26880, "norm": 80.27, "mp": 18.353, "kicks": 5040}
{"kind": "vitals", "step": 26940, "norm": 92.68, "mp": 0.0, "kicks": 5052}
{"kind": "vitals", "step": 27000, "norm": 95.34, "mp": 0.0, "kicks": 5063}
{"kind": "vitals", "step": 27060, "norm": 86.98, "mp": 0.0, "kicks": 5074}
{"kind": "vitals", "step": 27120, "norm": 80.66, "mp": 0.0, "kicks": 5086}
{"kind": "vitals", "step": 27180, "norm": 81.92, "mp": 0.0, "kicks": 5097}
{"kind": "vitals", "step": 27240, "norm": 81.32, "mp": 0.0, "kicks": 5108}
{"kind": "vitals", "step": 27300, "norm": 81.41, "mp": 0.0, "kicks": 5119}
{"kind": "vitals", "step": 27360, "norm": 82.83, "mp": 17.767, "kicks": 5130}
{"kind": "vitals", "step": 27420, "norm": 92.72, "mp": 0.0, "kicks": 5142}
{"kind": "vitals", "step": 27480, "norm": 92.85, "mp": 0.0, "kicks": 5153}
{"kind": "vitals", "step": 27540, "norm": 86.25, "mp": 0.0, "kicks": 5164}
{"kind": "vitals", "step": 27600, "norm": 78.19, "mp": 0.0, "kicks": 5176}
{"kind": "vitals", "step": 27660, "norm": 79.6, "mp": 0.0, "kicks": 5187}
{"kind": "vitals", "step": 27720, "norm": 82.57, "mp": 0.0, "kicks": 5198}
{"kind": "vitals", "step": 27780, "norm": 84.23, "mp": 0.0, "kicks": 5209}
{"kind": "vitals", "step": 27840, "norm": 80.86, "mp": 18.286, "kicks": 5220}
{"kind": "vitals", "step": 27900, "norm": 89.81, "mp": 0.0, "kicks": 5232}
{"kind": "vitals", "step": 27960, "norm": 91.3, "mp": 0.0, "kicks": 5243}
{"kind": "vitals", "step": 28020, "norm": 83.9, "mp": 0.0, "kicks": 5254}
{"kind": "vitals", "step": 28080, "norm": 77.91, "mp": 0.0, "kicks": 5266}
{"kind": "vitals", "step": 28140, "norm": 79.82, "mp": 0.0, "kicks": 5277}
{"kind": "vitals", "step": 28200, "norm": 80.16, "mp": 0.0, "kicks": 5288}
{"kind": "vitals", "step": 28260, "norm": 82.59, "mp": 0.0, "kicks": 5299}
{"kind": "vitals", "step": 28320, "norm": 79.31, "mp": 16.987, "kicks": 5310}
{"kind": "vitals", "step": 28380, "norm": 87.18, "mp": 0.0, "kicks": 5322}
{"kind": "vitals", "step": 28440, "norm": 92.11, "mp": 0.0, "kicks": 5333}
{"kind": "vitals", "step": 28500, "norm": 88.32, "mp": 0.0, "kicks": 5344}
{"kind": "vitals", "step": 28560, "norm": 82.43, "mp": 0.0, "kicks": 5356}
{"kind": "vitals", "step": 28620, "norm": 82.77, "mp": 0.0, "kicks": 5367}
{"kind": "vitals", "step": 28680, "norm": 84.53, "mp": 0.0, "kicks": 5378}
{"kind": "vitals", "step": 28740, "norm": 84.13, "mp": 0.0, "kicks": 5389}
{"kind": "vitals", "step": 28800, "norm": 79.47, "mp": 18.156, "kicks": 5400}
{"kind": "vitals", "step": 28860, "norm": 88.06, "mp": 0.0, "kicks": 5412}
{"kind": "vitals", "step": 28920, "norm": 92.41, "mp": 0.0, "kicks": 5423}
{"kind": "vitals", "step": 28980, "norm": 88.08, "mp": 0.0, "kicks": 5434}
{"kind": "vitals", "step": 29040, "norm": 87.11, "mp": 0.0, "kicks": 5446}
{"kind": "vitals", "step": 29100, "norm": 87.61, "mp": 0.0, "kicks": 5457}
{"kind": "vitals", "step": 29160, "norm": 85.25, "mp": 0.0, "kicks": 5468}
{"kind": "vitals", "step": 29220, "norm": 84.3, "mp": 0.0, "kicks": 5479}
{"kind": "vitals", "step": 29280, "norm": 82.13, "mp": 17.934, "kicks": 5490}
{"kind": "vitals", "step": 29340, "norm": 91.57, "mp": 0.0, "kicks": 5502}
{"kind": "vitals", "step": 29400, "norm": 93.84, "mp": 0.0, "kicks": 5513}
{"kind": "vitals", "step": 29460, "norm": 88.74, "mp": 0.0, "kicks": 5524}
{"kind": "vitals", "step": 29520, "norm": 82.83, "mp": 0.0, "kicks": 5536}
{"kind": "vitals", "step": 29580, "norm": 85.08, "mp": 0.0, "kicks": 5547}
{"kind": "vitals", "step": 29640, "norm": 86.99, "mp": 0.0, "kicks": 5558}
{"kind": "vitals", "step": 29700, "norm": 85.56, "mp": 0.0, "kicks": 5569}
{"kind": "vitals", "step": 29760, "norm": 80.38, "mp": 17.699, "kicks": 5580}
{"kind": "vitals", "step": 29820, "norm": 91.69, "mp": 0.0, "kicks": 5592}
{"kind": "vitals", "step": 29880, "norm": 94.05, "mp": 0.0, "kicks": 5603}
{"kind": "vitals", "step": 29940, "norm": 90.4, "mp": 0.0, "kicks": 5614}
{"kind": "vitals", "step": 30000, "norm": 85.41, "mp": 0.0, "kicks": 5626}
{"kind": "vitals", "step": 30060, "norm": 85.86, "mp": 0.0, "kicks": 5637}
{"kind": "vitals", "step": 30120, "norm": 84.69, "mp": 0.0, "kicks": 5648}
{"kind": "vitals", "step": 30180, "norm": 82.15, "mp": 0.0, "kicks": 5659}
{"kind": "vitals", "step": 30240, "norm": 78.41, "mp": 17.396, "kicks": 5670}
{"kind": "vitals", "step": 30300, "norm": 89.7, "mp": 0.0, "kicks": 5682}
{"kind": "vitals", "step": 30360, "norm": 95.59, "mp": 0.0, "kicks": 5693}
{"kind": "vitals", "step": 30420, "norm": 89.32, "mp": 0.0, "kicks": 5704}
{"kind": "vitals", "step": 30480, "norm": 83.82, "mp": 0.0, "kicks": 5716}
{"kind": "vitals", "step": 30540, "norm": 84.03, "mp": 0.0, "kicks": 5727}
{"kind": "vitals", "step": 30600, "norm": 85.39, "mp": 0.0, "kicks": 5738}
{"kind": "vitals", "step": 30660, "norm": 84.61, "mp": 0.0, "kicks": 5749}
{"kind": "vitals", "step": 30720, "norm": 81.06, "mp": 18.021, "kicks": 5760}
{"kind": "vitals", "step": 30780, "norm": 90.94, "mp": 0.0, "kicks": 5772}
{"kind": "vitals", "step": 30840, "norm": 98.37, "mp": 0.0, "kicks": 5783}
{"kind": "vitals", "step": 30900, "norm": 90.47, "mp": 0.0, "kicks": 5794}
{"kind": "vitals", "step": 30960, "norm": 83.17, "mp": 0.0, "kicks": 5806}
{"kind": "vitals", "step": 31020, "norm": 83.64, "mp": 0.0, "kicks": 5817}
{"kind": "vitals", "step": 31080, "norm": 84.73, "mp": 0.0, "kicks": 5828}
{"kind": "stop_signalled", "sid": "sPONR01"}
{"kind": "session_end", "sid": "sPONR01", "step": 31080, "patterns": 512}
