{"event": "start", "dim": 64, "hcm_max": 128, "min_age": 5, "device": "cuda", "n_params": 3359337}
{"step": 50, "avg_ce": 8.4231, "avg_surp": 55.0335, "avg_action_prob": 0.000109, "reads_50": 1236, "writes_50": 1396, "hcm_n": 128, "hcm_action_writes": 0, "hcm_auto_writes": 1396, "hcm_total_recalls": 1236, "sps": 2.57}
{"step": 100, "avg_ce": 7.5736, "avg_surp": 87.0098, "avg_action_prob": 4.3e-05, "reads_50": 1431, "writes_50": 1429, "hcm_n": 128, "hcm_action_writes": 0, "hcm_auto_writes": 2825, "hcm_total_recalls": 2667, "sps": 2.685}
{"step": 150, "avg_ce": 7.329, "avg_surp": 97.6437, "avg_action_prob": 3.1e-05, "reads_50": 1425, "writes_50": 1424, "hcm_n": 128, "hcm_action_writes": 0, "hcm_auto_writes": 4249, "hcm_total_recalls": 4092, "sps": 2.682}
{"step": 200, "avg_ce": 7.3643, "avg_surp": 106.3624, "avg_action_prob": 3.1e-05, "reads_50": 1433, "writes_50": 1432, "hcm_n": 128, "hcm_action_writes": 0, "hcm_auto_writes": 5681, "hcm_total_recalls": 5525, "sps": 2.677}
{"step": 250, "avg_ce": 7.3525, "avg_surp": 112.8792, "avg_action_prob": 2.6e-05, "reads_50": 1458, "writes_50": 1458, "hcm_n": 128, "hcm_action_writes": 0, "hcm_auto_writes": 7139, "hcm_total_recalls": 6983, "sps": 2.662}
{"step": 300, "avg_ce": 7.2198, "avg_surp": 120.5531, "avg_action_prob": 1.9e-05, "reads_50": 1457, "writes_50": 1457, "hcm_n": 128, "hcm_action_writes": 0, "hcm_auto_writes": 8596, "hcm_total_recalls": 8440, "sps": 2.646}
{"step": 350, "avg_ce": 7.2604, "avg_surp": 127.9417, "avg_action_prob": 1.9e-05, "reads_50": 1444, "writes_50": 1444, "hcm_n": 128, "hcm_action_writes": 0, "hcm_auto_writes": 10040, "hcm_total_recalls": 9884, "sps": 2.644}
{"step": 400, "avg_ce": 7.3523, "avg_surp": 135.6419, "avg_action_prob": 1.3e-05, "reads_50": 1437, "writes_50": 1437, "hcm_n": 128, "hcm_action_writes": 0, "hcm_auto_writes": 11477, "hcm_total_recalls": 11321, "sps": 2.625}
{"step": 450, "avg_ce": 7.3362, "avg_surp": 140.7169, "avg_action_prob": 1.7e-05, "reads_50": 1429, "writes_50": 1429, "hcm_n": 128, "hcm_action_writes": 0, "hcm_auto_writes": 12906, "hcm_total_recalls": 12750, "sps": 2.579}
{"step": 500, "avg_ce": 7.456, "avg_surp": 145.2879, "avg_action_prob": 1.5e-05, "reads_50": 1414, "writes_50": 1414, "hcm_n": 128, "hcm_action_writes": 0, "hcm_auto_writes": 14320, "hcm_total_recalls": 14164, "sps": 2.571}
{"step": 550, "avg_ce": 7.327, "avg_surp": 150.25, "avg_action_prob": 1.3e-05, "reads_50": 1420, "writes_50": 1420, "hcm_n": 128, "hcm_action_writes": 0, "hcm_auto_writes": 15740, "hcm_total_recalls": 15584, "sps": 2.574}
{"step": 600, "avg_ce": 7.4057, "avg_surp": 155.8475, "avg_action_prob": 1e-05, "reads_50": 1447, "writes_50": 1447, "hcm_n": 128, "hcm_action_writes": 0, "hcm_auto_writes": 17187, "hcm_total_recalls": 17031, "sps": 2.569}
{"step": 650, "avg_ce": 7.2266, "avg_surp": 160.4784, "avg_action_prob": 9e-06, "reads_50": 1441, "writes_50": 1441, "hcm_n": 128, "hcm_action_writes": 0, "hcm_auto_writes": 18628, "hcm_total_recalls": 18472, "sps": 2.573}
{"step": 700, "avg_ce": 7.3335, "avg_surp": 165.8163, "avg_action_prob": 8e-06, "reads_50": 1431, "writes_50": 1431, "hcm_n": 128, "hcm_action_writes": 0, "hcm_auto_writes": 20059, "hcm_total_recalls": 19903, "sps": 2.57}
{"step": 750, "avg_ce": 7.4449, "avg_surp": 172.009, "avg_action_prob": 9e-06, "reads_50": 1453, "writes_50": 1453, "hcm_n": 128, "hcm_action_writes": 0, "hcm_auto_writes": 21512, "hcm_total_recalls": 21356, "sps": 2.552}
{"step": 800, "avg_ce": 7.2912, "avg_surp": 178.3106, "avg_action_prob": 7e-06, "reads_50": 1437, "writes_50": 1437, "hcm_n": 128, "hcm_action_writes": 0, "hcm_auto_writes": 22949, "hcm_total_recalls": 22793, "sps": 2.549}
{"step": 850, "avg_ce": 7.2563, "avg_surp": 185.3201, "avg_action_prob": 6e-06, "reads_50": 1432, "writes_50": 1432, "hcm_n": 128, "hcm_action_writes": 0, "hcm_auto_writes": 24381, "hcm_total_recalls": 24225, "sps": 2.551}
{"step": 900, "avg_ce": 7.2208, "avg_surp": 192.552, "avg_action_prob": 6e-06, "reads_50": 1457, "writes_50": 1457, "hcm_n": 128, "hcm_action_writes": 0, "hcm_auto_writes": 25838, "hcm_total_recalls": 25682, "sps": 2.538}
{"step": 950, "avg_ce": 7.316, "avg_surp": 201.7834, "avg_action_prob": 6e-06, "reads_50": 1459, "writes_50": 1459, "hcm_n": 128, "hcm_action_writes": 0, "hcm_auto_writes": 27297, "hcm_total_recalls": 27141, "sps": 2.528}
{"step": 1000, "avg_ce": 7.2489, "avg_surp": 212.3045, "avg_action_prob": 7e-06, "reads_50": 1434, "writes_50": 1434, "hcm_n": 128, "hcm_action_writes": 0, "hcm_auto_writes": 28731, "hcm_total_recalls": 28575, "sps": 2.524}
{"step": 1050, "avg_ce": 7.153, "avg_surp": 221.697, "avg_action_prob": 4e-06, "reads_50": 1450, "writes_50": 1450, "hcm_n": 128, "hcm_action_writes": 0, "hcm_auto_writes": 30181, "hcm_total_recalls": 30025, "sps": 2.513}
{"step": 1100, "avg_ce": 7.3168, "avg_surp": 230.3734, "avg_action_prob": 6e-06, "reads_50": 1430, "writes_50": 1430, "hcm_n": 128, "hcm_action_writes": 0, "hcm_auto_writes": 31611, "hcm_total_recalls": 31455, "sps": 2.497}
{"step": 1150, "avg_ce": 7.3108, "avg_surp": 241.419, "avg_action_prob": 5e-06, "reads_50": 1455, "writes_50": 1455, "hcm_n": 128, "hcm_action_writes": 0, "hcm_auto_writes": 33066, "hcm_total_recalls": 32910, "sps": 2.49}
{"step": 1200, "avg_ce": 7.1271, "avg_surp": 254.8989, "avg_action_prob": 4e-06, "reads_50": 1443, "writes_50": 1443, "hcm_n": 128, "hcm_action_writes": 0, "hcm_auto_writes": 34509, "hcm_total_recalls": 34353, "sps": 2.487}
{"step": 1250, "avg_ce": 7.1761, "avg_surp": 265.107, "avg_action_prob": 5e-06, "reads_50": 1431, "writes_50": 1431, "hcm_n": 128, "hcm_action_writes": 0, "hcm_auto_writes": 35940, "hcm_total_recalls": 35784, "sps": 2.489}
{"step": 1300, "avg_ce": 7.3527, "avg_surp": 275.421, "avg_action_prob": 5e-06, "reads_50": 1432, "writes_50": 1432, "hcm_n": 128, "hcm_action_writes": 0, "hcm_auto_writes": 37372, "hcm_total_recalls": 37216, "sps": 2.494}
{"step": 1350, "avg_ce": 7.2956, "avg_surp": 285.7602, "avg_action_prob": 5e-06, "reads_50": 1452, "writes_50": 1452, "hcm_n": 128, "hcm_action_writes": 0, "hcm_auto_writes": 38824, "hcm_total_recalls": 38668, "sps": 2.496}
{"step": 1400, "avg_ce": 7.126, "avg_surp": 296.5606, "avg_action_prob": 4e-06, "reads_50": 1427, "writes_50": 1427, "hcm_n": 128, "hcm_action_writes": 0, "hcm_auto_writes": 40251, "hcm_total_recalls": 40095, "sps": 2.497}
{"step": 1450, "avg_ce": 7.3395, "avg_surp": 306.6211, "avg_action_prob": 4e-06, "reads_50": 1426, "writes_50": 1426, "hcm_n": 128, "hcm_action_writes": 0, "hcm_auto_writes": 41677, "hcm_total_recalls": 41521, "sps": 2.501}
{"step": 1500, "avg_ce": 7.185, "avg_surp": 313.514, "avg_action_prob": 4e-06, "reads_50": 1422, "writes_50": 1422, "hcm_n": 128, "hcm_action_writes": 0, "hcm_auto_writes": 43099, "hcm_total_recalls": 42943, "sps": 2.499}
{"step": 1550, "avg_ce": 7.0713, "avg_surp": 319.2004, "avg_action_prob": 3e-06, "reads_50": 1454, "writes_50": 1454, "hcm_n": 128, "hcm_action_writes": 0, "hcm_auto_writes": 44553, "hcm_total_recalls": 44397, "sps": 2.492}
{"step": 1600, "avg_ce": 7.1985, "avg_surp": 324.6132, "avg_action_prob": 4e-06, "reads_50": 1436, "writes_50": 1436, "hcm_n": 128, "hcm_action_writes": 0, "hcm_auto_writes": 45989, "hcm_total_recalls": 45833, "sps": 2.49}
{"step": 1650, "avg_ce": 7.2128, "avg_surp": 330.7808, "avg_action_prob": 3e-06, "reads_50": 1441, "writes_50": 1441, "hcm_n": 128, "hcm_action_writes": 0, "hcm_auto_writes": 47430, "hcm_total_recalls": 47274, "sps": 2.493}
{"step": 1700, "avg_ce": 7.2199, "avg_surp": 336.8269, "avg_action_prob": 4e-06, "reads_50": 1440, "writes_50": 1440, "hcm_n": 128, "hcm_action_writes": 0, "hcm_auto_writes": 48870, "hcm_total_recalls": 48714, "sps": 2.492}
{"step": 1750, "avg_ce": 7.0902, "avg_surp": 341.9677, "avg_action_prob": 3e-06, "reads_50": 1447, "writes_50": 1447, "hcm_n": 128, "hcm_action_writes": 0, "hcm_auto_writes": 50317, "hcm_total_recalls": 50161, "sps": 2.494}
{"step": 1800, "avg_ce": 7.1399, "avg_surp": 346.1295, "avg_action_prob": 2e-06, "reads_50": 1445, "writes_50": 1445, "hcm_n": 128, "hcm_action_writes": 0, "hcm_auto_writes": 51762, "hcm_total_recalls": 51606, "sps": 2.495}
{"step": 1850, "avg_ce": 7.302, "avg_surp": 348.728, "avg_action_prob": 3e-06, "reads_50": 1427, "writes_50": 1427, "hcm_n": 128, "hcm_action_writes": 0, "hcm_auto_writes": 53189, "hcm_total_recalls": 53033, "sps": 2.494}
{"step": 1900, "avg_ce": 7.1813, "avg_surp": 351.3246, "avg_action_prob": 3e-06, "reads_50": 1442, "writes_50": 1442, "hcm_n": 128, "hcm_action_writes": 0, "hcm_auto_writes": 54631, "hcm_total_recalls": 54475, "sps": 2.496}
{"step": 1950, "avg_ce": 7.2095, "avg_surp": 354.2848, "avg_action_prob": 2e-06, "reads_50": 1462, "writes_50": 1462, "hcm_n": 128, "hcm_action_writes": 0, "hcm_auto_writes": 56093, "hcm_total_recalls": 55937, "sps": 2.497}
{"step": 2000, "avg_ce": 7.1365, "avg_surp": 357.4891, "avg_action_prob": 2e-06, "reads_50": 1445, "writes_50": 1445, "hcm_n": 128, "hcm_action_writes": 0, "hcm_auto_writes": 57538, "hcm_total_recalls": 57382, "sps": 2.499}
{"event": "complete", "final_ce": 7.166, "hcm_patterns": 128, "action_writes": 0, "auto_writes": 57538, "total_recalls": 57382}
