{"event": "pin_system", "n_carriers": 38, "pin_tau_min": 2.0, "lambda_shape": 0.01, "target_std": 0.35, "t": "08:34:59"}
{"event": "fresh_start", "t": "08:35:00"}
{"step": 25, "ce": 8.38652, "surp": 30.26797, "rent": 0.0, "div": 0.84995, "persist": -1.2414, "hcm_writes": 0, "action_remember_prob": 0.00013, "steps_per_s": 0.24, "t": "08:36:44"}
{"step": 50, "ce": 8.2728, "surp": 28.96181, "rent": 0.0, "div": 0.83567, "persist": -1.2445, "hcm_writes": 0, "action_remember_prob": 0.00013, "steps_per_s": 0.23, "t": "08:38:38"}
{"step": 75, "ce": 8.1507, "surp": 29.01258, "rent": 0.0, "div": 0.85076, "persist": -1.22761, "hcm_writes": 0, "action_remember_prob": 6e-05, "steps_per_s": 0.231, "t": "08:40:25"}
{"step": 100, "ce": 7.62076, "surp": 29.3965, "rent": 0.0, "div": 0.83067, "persist": -1.22651, "hcm_writes": 0, "action_remember_prob": 6e-05, "steps_per_s": 0.226, "t": "08:42:22"}
{"step": 125, "self_mse": 0.48988, "var_floor": 0.23053, "contain": 539.74292, "rms": 25.374, "max_norm": 37.789, "consolidation": 0, "consolidation_loss": 0.0, "steps_per_s": 0.224, "t": "08:44:18"}
{"step": 150, "self_mse": 0.91802, "var_floor": 0.22266, "contain": 390.34689, "rms": 23.2482, "max_norm": 38.429, "consolidation": 0, "consolidation_loss": 0.0, "steps_per_s": 0.225, "t": "08:46:06"}
{"step": 175, "self_mse": 0.53353, "var_floor": 0.1112, "contain": 450.43802, "rms": 24.2788, "max_norm": 42.422, "consolidation": 0, "consolidation_loss": 0.0, "steps_per_s": 0.223, "t": "08:48:04"}
{"step": 200, "ce": 8.02842, "surp": 24.65838, "rent": 0.07485, "div": 0.67276, "persist": -1.21323, "hcm_writes": 0, "action_remember_prob": 4e-05, "steps_per_s": 0.216, "t": "08:50:25"}
{"step": 225, "ce": 6.95612, "surp": 26.02707, "rent": 0.03196, "div": 0.64645, "persist": -1.1969, "hcm_writes": 0, "action_remember_prob": 5e-05, "steps_per_s": 0.211, "t": "08:52:49"}
{"step": 250, "ce": 7.66598, "surp": 21.9701, "rent": 0.08119, "div": 0.63964, "persist": -1.22406, "hcm_writes": 0, "action_remember_prob": 5e-05, "steps_per_s": 0.206, "t": "08:55:13"}
{"step": 250, "val_ce_nats": 7.2774, "floor_L1": 7.1, "floor_L2": 4.47, "health": {"rho_exact": 0.0, "sites": 200, "entropy_norm": 1.0, "sign_hat": -1.0, "rms": 22.9498, "com_radius": 10.166, "spread_rms": 22.9498, "excursion": {"t24": {"norm": 29.827, "conf": 0.0309}, "t48": {"norm": 21.014, "conf": 0.0397}, "t96": {"norm": 23.442, "conf": 0.0325}, "t199": {"norm": 23.597, "conf": 0.0473}}, "chi_motion": {"motion": 643.313, "living_frac": 1.0, "chi_std": 5.945}, "tau_mean": 1.18, "tau_pinned_frac": 0.0, "gen": {"gen_trigram_transient": 0.8367, "gen_repeat_frac": 0.0207, "gen_sites": 96, "fugazee_rate": 0.0}}, "chi_cells": {"chi": 250.0, "minted": 250, "revisits": 0, "last_mint_step": 250, "cells_visited": 250, "singletons": 250, "doubletons": 0, "sd_ratio": 250.0, "coverage": 0.0079}, "chi_fine": {"chi": 250.0, "minted": 250, "cells_visited": 250, "singletons": 250, "doubletons": 0, "sd_ratio": 250.0}, "carrier": {"carrier_tenure_frac": 0.895, "carrier_tau_mean": 1.151, "carrier_tau_min": 0.975}, "hcm": {}, "gov_w": 0.097, "gov_k_texture": 1.0, "gov_self": 0.4, "gov_adverse": false, "t": "08:57:03"}
{"step": 275, "ce": 7.92343, "surp": 26.53959, "rent": 0.08389, "div": 0.65441, "persist": -1.19832, "hcm_writes": 0, "action_remember_prob": 6e-05, "steps_per_s": 0.189, "t": "08:59:18"}
{"step": 300, "self_mse": 0.61191, "var_floor": 0.09852, "contain": 394.21219, "rms": 23.6486, "max_norm": 38.273, "consolidation": 0, "consolidation_loss": 0.0, "steps_per_s": 0.19, "t": "09:01:21"}
{"step": 325, "ce": 7.61228, "surp": 25.15339, "rent": 0.2098, "div": 0.65781, "persist": -1.19052, "hcm_writes": 0, "action_remember_prob": 4e-05, "steps_per_s": 0.188, "t": "09:03:46"}
{"step": 350, "ce": 7.13121, "surp": 24.35672, "rent": 0.42154, "div": 0.63299, "persist": -1.18884, "hcm_writes": 0, "action_remember_prob": 1e-05, "steps_per_s": 0.186, "t": "09:06:26"}
{"step": 375, "self_mse": 0.58392, "var_floor": 0.23577, "contain": 437.59976, "rms": 22.9269, "max_norm": 36.541, "consolidation": 0, "consolidation_loss": 0.0, "steps_per_s": 0.184, "t": "09:08:57"}
{"step": 400, "self_mse": 0.64426, "var_floor": 0.24672, "contain": 403.09512, "rms": 22.7545, "max_norm": 40.194, "consolidation": 0, "consolidation_loss": 0.0, "steps_per_s": 0.183, "t": "09:11:20"}
{"step": 425, "ce": 7.07229, "surp": 24.02011, "rent": 0.42565, "div": 0.63692, "persist": -1.20074, "hcm_writes": 0, "action_remember_prob": 2e-05, "steps_per_s": 0.184, "t": "09:13:28"}
{"step": 450, "ce": 7.8657, "surp": 27.54712, "rent": 0.79004, "div": 0.63971, "persist": -1.17209, "hcm_writes": 0, "action_remember_prob": 2e-05, "steps_per_s": 0.184, "t": "09:15:40"}
{"step": 475, "ce": 7.25273, "surp": 25.61449, "rent": 0.56115, "div": 0.59402, "persist": -1.20048, "hcm_writes": 0, "action_remember_prob": 0.0, "steps_per_s": 0.185, "t": "09:17:52"}
{"step": 500, "ce": 7.65029, "surp": 28.08961, "rent": 0.61834, "div": 0.58196, "persist": -1.19979, "hcm_writes": 0, "action_remember_prob": 2e-05, "steps_per_s": 0.182, "t": "09:20:48"}
{"step": 500, "val_ce_nats": 7.0247, "floor_L1": 7.1, "floor_L2": 4.47, "health": {"rho_exact": 0.0, "sites": 200, "entropy_norm": 1.0, "sign_hat": -1.0, "rms": 22.3801, "com_radius": 9.757, "spread_rms": 22.3801, "excursion": {"t24": {"norm": 29.101, "conf": 0.0191}, "t48": {"norm": 21.694, "conf": 0.0179}, "t96": {"norm": 23.293, "conf": 0.0179}, "t199": {"norm": 24.249, "conf": 0.0207}}, "chi_motion": {"motion": 726.551, "living_frac": 1.0, "chi_std": 6.683}, "tau_mean": 1.12, "tau_pinned_frac": 0.0, "gen": {"gen_trigram_transient": 0.84, "gen_repeat_frac": 0.0342, "gen_sites": 96, "fugazee_rate": 0.0}}, "chi_cells": {"chi": 500.0, "minted": 500, "revisits": 0, "last_mint_step": 500, "cells_visited": 500, "singletons": 500, "doubletons": 0, "sd_ratio": 500.0, "coverage": 0.004}, "chi_fine": {"chi": 500.0, "minted": 500, "cells_visited": 500, "singletons": 500, "doubletons": 0, "sd_ratio": 500.0}, "carrier": {"carrier_tenure_frac": 0.868, "carrier_tau_mean": 1.188, "carrier_tau_min": 0.925}, "hcm": {}, "gov_w": 0.094, "gov_k_texture": 1.0, "gov_self": 0.4, "gov_adverse": false, "t": "09:22:38"}
{"event": "ckpt", "step": 500, "t": "09:22:40"}
{"step": 525, "ce": 7.58605, "surp": 25.82117, "rent": 0.42464, "div": 0.6067, "persist": -1.18249, "hcm_writes": 0, "action_remember_prob": 1e-05, "steps_per_s": 0.176, "t": "09:24:38"}
{"step": 550, "ce": 7.54895, "surp": 24.64617, "rent": 0.6455, "div": 0.60373, "persist": -1.13808, "hcm_writes": 0, "action_remember_prob": 4e-05, "steps_per_s": 0.177, "t": "09:26:44"}
