{"event": "fresh_start", "t": "21:57:12"}
{"step": 25, "ce": 8.32031, "surp": 174.51084, "rent": 0.96862, "div": 0.92403, "persist": -1.53403, "steps_per_s": 1.331, "t": "21:57:31"}
{"step": 50, "ce": 7.93407, "surp": 175.68044, "rent": 0.98951, "div": 0.88535, "persist": -1.80006, "steps_per_s": 1.306, "t": "21:57:50"}
{"step": 75, "ce": 8.12722, "surp": 204.1526, "rent": 0.99931, "div": 0.86634, "persist": -2.20268, "steps_per_s": 1.278, "t": "21:58:11"}
{"step": 100, "ce": 7.77246, "surp": 224.76427, "rent": 0.98734, "div": 0.83649, "persist": -2.54793, "steps_per_s": 1.093, "t": "21:58:43"}
{"step": 125, "self_mse": 0.0183, "var_floor": 1.0, "rms": 1.2232, "max_norm": 4.476, "steps_per_s": 1.021, "t": "21:59:14"}
{"step": 150, "self_mse": 0.02001, "var_floor": 1.0, "rms": 1.2142, "max_norm": 4.398, "steps_per_s": 0.978, "t": "21:59:45"}
{"step": 175, "self_mse": 0.01827, "var_floor": 1.0, "rms": 1.1676, "max_norm": 4.167, "steps_per_s": 0.952, "t": "22:00:16"}
{"step": 200, "ce": 7.86624, "surp": 265.04911, "rent": 0.96951, "div": 0.72245, "persist": -2.97422, "steps_per_s": 0.957, "t": "22:00:41"}
{"step": 225, "ce": 6.65468, "surp": 276.96081, "rent": 0.44884, "div": 0.38882, "persist": -3.08342, "steps_per_s": 0.986, "t": "22:01:00"}
{"step": 250, "ce": 7.25792, "surp": 287.05698, "rent": 0.99861, "div": 0.00676, "persist": -3.20503, "steps_per_s": 1.009, "t": "22:01:20"}
{"step": 275, "ce": 7.78315, "surp": 289.59884, "rent": 0.99918, "div": -0.05919, "persist": -3.31753, "steps_per_s": 1.035, "t": "22:01:38"}
{"step": 300, "self_mse": 0.02337, "var_floor": 1.0, "rms": 1.2929, "max_norm": 4.522, "steps_per_s": 1.067, "t": "22:01:53"}
{"step": 325, "ce": 7.68126, "surp": 295.98674, "rent": 0.99849, "div": -0.12585, "persist": -3.52793, "steps_per_s": 1.082, "t": "22:02:12"}
{"step": 350, "ce": 7.27867, "surp": 294.52973, "rent": 0.99677, "div": -0.13468, "persist": -3.70356, "steps_per_s": 1.096, "t": "22:02:31"}
{"step": 375, "self_mse": 0.02487, "var_floor": 1.0, "rms": 1.3781, "max_norm": 4.674, "steps_per_s": 1.11, "t": "22:02:50"}
{"step": 400, "self_mse": 0.01652, "var_floor": 1.0, "rms": 1.2696, "max_norm": 4.49, "steps_per_s": 1.121, "t": "22:03:09"}
{"step": 425, "ce": 7.1233, "surp": 298.46482, "rent": 0.99757, "div": -0.1415, "persist": -4.17991, "steps_per_s": 1.133, "t": "22:03:27"}
{"step": 450, "ce": 7.91796, "surp": 294.12051, "rent": 0.99414, "div": -0.14147, "persist": -4.29753, "steps_per_s": 1.14, "t": "22:03:47"}
{"step": 475, "ce": 6.83447, "surp": 287.08818, "rent": 0.99364, "div": -0.1398, "persist": -4.37562, "steps_per_s": 1.156, "t": "22:04:03"}
{"step": 500, "ce": 7.57896, "surp": 289.85036, "rent": 0.99734, "div": -0.14066, "persist": -4.45814, "steps_per_s": 1.164, "t": "22:04:22"}
{"step": 500, "val_ce_nats": 7.5509, "floor_L1": 7.1, "floor_L2": 4.47, "t": "22:04:24"}
{"step": 525, "ce": 7.44273, "surp": 285.67719, "rent": 0.99665, "div": -0.14158, "persist": -4.58334, "steps_per_s": 1.167, "t": "22:04:42"}
{"step": 550, "ce": 7.62588, "surp": 281.21082, "rent": 0.9971, "div": -0.14247, "persist": -4.74619, "steps_per_s": 1.175, "t": "22:05:00"}
{"step": 575, "self_mse": 0.00522, "var_floor": 1.0, "rms": 1.2338, "max_norm": 4.416, "steps_per_s": 1.182, "t": "22:05:18"}
{"step": 600, "self_mse": 0.01639, "var_floor": 1.0, "rms": 1.2104, "max_norm": 4.428, "steps_per_s": 1.192, "t": "22:05:35"}
{"step": 625, "ce": 7.08548, "surp": 266.44334, "rent": 0.98825, "div": -0.14239, "persist": -5.18861, "steps_per_s": 1.201, "t": "22:05:53"}
{"step": 650, "ce": 7.75502, "surp": 264.60999, "rent": 0.99212, "div": -0.14043, "persist": -5.32688, "steps_per_s": 1.21, "t": "22:06:09"}
{"step": 675, "ce": 7.20627, "surp": 278.57442, "rent": 0.99909, "div": -0.14079, "persist": -5.43952, "steps_per_s": 1.217, "t": "22:06:27"}
{"step": 700, "ce": 6.51841, "surp": 263.76003, "rent": 0.99857, "div": -0.12184, "persist": -5.58197, "steps_per_s": 1.225, "t": "22:06:43"}
{"step": 725, "self_mse": 0.10664, "var_floor": 1.0, "rms": 5.0904, "max_norm": 7.486, "steps_per_s": 1.238, "t": "22:06:58"}
{"step": 750, "self_mse": 0.01652, "var_floor": 1.0, "rms": 1.319, "max_norm": 5.018, "steps_per_s": 1.246, "t": "22:07:14"}
{"step": 775, "ce": 7.69896, "surp": 286.21282, "rent": 0.99921, "div": 0.03265, "persist": -5.89903, "steps_per_s": 1.255, "t": "22:07:29"}
{"step": 800, "ce": 6.96848, "surp": 284.80938, "rent": 0.99932, "div": -0.1069, "persist": -5.92733, "steps_per_s": 1.267, "t": "22:07:43"}
{"step": 825, "ce": 7.79628, "surp": 276.01563, "rent": 0.99936, "div": -0.11872, "persist": -5.96191, "steps_per_s": 1.268, "t": "22:08:02"}
{"step": 850, "ce": 8.37453, "surp": 273.4122, "rent": 0.99918, "div": -0.12762, "persist": -6.01056, "steps_per_s": 1.267, "t": "22:08:23"}
{"step": 875, "ce": 6.93225, "surp": 271.36284, "rent": 0.9989, "div": -0.13075, "persist": -6.06235, "steps_per_s": 1.267, "t": "22:08:43"}
{"step": 900, "ce": 6.85947, "surp": 267.34654, "rent": 0.99862, "div": -0.13271, "persist": -6.09977, "steps_per_s": 1.267, "t": "22:09:02"}
{"step": 925, "self_mse": 0.00888, "var_floor": 1.0, "rms": 1.2666, "max_norm": 4.846, "steps_per_s": 1.273, "t": "22:09:18"}
{"step": 950, "self_mse": 0.02109, "var_floor": 1.0, "rms": 1.0987, "max_norm": 4.637, "steps_per_s": 1.271, "t": "22:09:39"}
{"step": 975, "ce": 5.77349, "surp": 245.28409, "rent": 0.99742, "div": -0.13546, "persist": -6.22437, "steps_per_s": 1.272, "t": "22:09:59"}
{"step": 1000, "ce": 7.96421, "surp": 246.39053, "rent": 0.99652, "div": -0.13685, "persist": -6.27135, "steps_per_s": 1.272, "t": "22:10:18"}
{"step": 1000, "val_ce_nats": 7.5661, "floor_L1": 7.1, "floor_L2": 4.47, "t": "22:10:21"}
{"step": 1025, "ce": 7.02011, "surp": 239.98989, "rent": 0.99465, "div": -0.13774, "persist": -6.30656, "steps_per_s": 1.27, "t": "22:10:39"}
{"step": 1050, "ce": 7.77259, "surp": 235.1604, "rent": 0.80747, "div": -0.13651, "persist": -6.34238, "steps_per_s": 1.271, "t": "22:10:58"}
{"step": 1075, "self_mse": 0.05045, "var_floor": 1.0, "rms": 4.7234, "max_norm": 8.721, "steps_per_s": 1.271, "t": "22:11:18"}
{"step": 1100, "self_mse": 0.01157, "var_floor": 1.0, "rms": 4.5288, "max_norm": 7.865, "steps_per_s": 1.273, "t": "22:11:36"}
{"step": 1125, "ce": 7.55836, "surp": 184.60649, "rent": 0.72944, "div": 0.04025, "persist": -6.39046, "steps_per_s": 1.274, "t": "22:11:55"}
{"step": 1150, "self_mse": 0.00637, "var_floor": 1.0, "rms": 4.8588, "max_norm": 7.821, "steps_per_s": 1.278, "t": "22:12:12"}
{"step": 1175, "ce": 7.804, "surp": 200.72834, "rent": 0.98966, "div": -0.00049, "persist": -5.99129, "steps_per_s": 1.279, "t": "22:12:31"}
{"step": 1200, "self_mse": 0.26366, "var_floor": 1.0, "rms": 2.8454, "max_norm": 5.464, "steps_per_s": 1.28, "t": "22:12:49"}
{"step": 1225, "ce": 6.2377, "surp": 236.26424, "rent": 0.96846, "div": 0.07999, "persist": -6.34778, "steps_per_s": 1.284, "t": "22:13:06"}
{"step": 1250, "ce": 7.10988, "surp": 240.24983, "rent": 0.94082, "div": -0.03161, "persist": -6.44158, "steps_per_s": 1.286, "t": "22:13:24"}
{"step": 1275, "ce": 7.53574, "surp": 258.58752, "rent": 0.99955, "div": -0.01427, "persist": -6.4661, "steps_per_s": 1.288, "t": "22:13:42"}
{"step": 1300, "self_mse": 0.01567, "var_floor": 1.0, "rms": 1.3098, "max_norm": 4.577, "steps_per_s": 1.29, "t": "22:13:59"}
{"step": 1325, "self_mse": 0.04407, "var_floor": 1.0, "rms": 1.2729, "max_norm": 4.714, "steps_per_s": 1.297, "t": "22:14:13"}
{"step": 1350, "ce": 6.26339, "surp": 237.45953, "rent": 0.99999, "div": -0.10641, "persist": -6.54323, "steps_per_s": 1.295, "t": "22:14:34"}
{"step": 1375, "ce": 7.42539, "surp": 210.71143, "rent": 0.99999, "div": -0.11525, "persist": -6.60469, "steps_per_s": 1.299, "t": "22:14:50"}
{"step": 1400, "ce": 7.84031, "surp": 215.2056, "rent": 0.99999, "div": -0.12139, "persist": -6.66147, "steps_per_s": 1.301, "t": "22:15:08"}
{"step": 1425, "self_mse": 0.03539, "var_floor": 1.0, "rms": 1.4866, "max_norm": 4.786, "steps_per_s": 1.304, "t": "22:15:25"}
{"step": 1450, "ce": 7.35837, "surp": 212.84739, "rent": 0.99999, "div": -0.12801, "persist": -6.76181, "steps_per_s": 1.307, "t": "22:15:41"}
{"step": 1475, "ce": 7.51507, "surp": 214.60945, "rent": 0.99999, "div": -0.13122, "persist": -6.80402, "steps_per_s": 1.31, "t": "22:15:58"}
{"step": 1500, "self_mse": 0.00939, "var_floor": 1.0, "rms": 1.701, "max_norm": 4.683, "steps_per_s": 1.311, "t": "22:16:16"}
{"step": 1500, "val_ce_nats": 7.7813, "floor_L1": 7.1, "floor_L2": 4.47, "t": "22:16:19"}
{"step": 1525, "self_mse": 0.0042, "var_floor": 1.0, "rms": 1.5223, "max_norm": 4.323, "steps_per_s": 1.31, "t": "22:16:36"}
{"step": 1550, "self_mse": 0.00867, "var_floor": 1.0, "rms": 1.4858, "max_norm": 4.624, "steps_per_s": 1.312, "t": "22:16:54"}
{"step": 1575, "ce": 6.90149, "surp": 210.4349, "rent": 0.99999, "div": -0.13917, "persist": -6.99391, "steps_per_s": 1.312, "t": "22:17:12"}
{"step": 1600, "self_mse": 0.0065, "var_floor": 1.0, "rms": 1.5305, "max_norm": 4.495, "steps_per_s": 1.316, "t": "22:17:28"}
{"step": 1625, "ce": 7.58465, "surp": 211.5695, "rent": 0.99999, "div": -0.14115, "persist": -7.07502, "steps_per_s": 1.317, "t": "22:17:46"}
{"step": 1650, "self_mse": 0.0064, "var_floor": 1.0, "rms": 1.4898, "max_norm": 4.789, "steps_per_s": 1.318, "t": "22:18:04"}
{"step": 1675, "ce": 7.61477, "surp": 207.20019, "rent": 0.99999, "div": -0.14224, "persist": -7.15506, "steps_per_s": 1.32, "t": "22:18:21"}
{"step": 1700, "ce": 6.00707, "surp": 206.60617, "rent": 0.99999, "div": -0.14241, "persist": -7.18356, "steps_per_s": 1.322, "t": "22:18:38"}
{"step": 1725, "ce": 7.56932, "surp": 206.73161, "rent": 0.99999, "div": -0.14248, "persist": -7.21278, "steps_per_s": 1.321, "t": "22:18:58"}
{"step": 1750, "self_mse": 0.00614, "var_floor": 1.0, "rms": 1.5639, "max_norm": 4.593, "steps_per_s": 1.324, "t": "22:19:14"}
{"step": 1775, "ce": 7.49932, "surp": 205.54861, "rent": 0.99999, "div": -0.14261, "persist": -7.25926, "steps_per_s": 1.327, "t": "22:19:30"}
{"step": 1800, "ce": 7.19113, "surp": 205.9043, "rent": 0.99999, "div": -0.14266, "persist": -7.291, "steps_per_s": 1.327, "t": "22:19:48"}
{"step": 1825, "ce": 7.3975, "surp": 204.71268, "rent": 0.99999, "div": -0.14229, "persist": -7.31617, "steps_per_s": 1.329, "t": "22:20:06"}
{"step": 1850, "ce": 7.73671, "surp": 205.23277, "rent": 0.99999, "div": -0.1426, "persist": -7.34846, "steps_per_s": 1.329, "t": "22:20:24"}
{"step": 1875, "self_mse": 0.00718, "var_floor": 1.0, "rms": 1.3031, "max_norm": 4.858, "steps_per_s": 1.331, "t": "22:20:40"}
{"step": 1900, "ce": 8.25032, "surp": 206.01563, "rent": 0.99999, "div": -0.14271, "persist": -7.39939, "steps_per_s": 1.335, "t": "22:20:56"}
{"step": 1925, "self_mse": 0.00865, "var_floor": 1.0, "rms": 1.5161, "max_norm": 4.524, "steps_per_s": 1.337, "t": "22:21:11"}
{"step": 1950, "self_mse": 0.01241, "var_floor": 1.0, "rms": 1.3252, "max_norm": 4.389, "steps_per_s": 1.339, "t": "22:21:28"}
{"step": 1975, "self_mse": 0.02571, "var_floor": 1.0, "rms": 1.2037, "max_norm": 4.715, "steps_per_s": 1.34, "t": "22:21:46"}
{"step": 2000, "ce": 7.06168, "surp": 207.5302, "rent": 0.99999, "div": -0.14268, "persist": -7.50395, "steps_per_s": 1.341, "t": "22:22:03"}
{"step": 2000, "val_ce_nats": 7.6466, "floor_L1": 7.1, "floor_L2": 4.47, "t": "22:22:06"}
{"step": 2025, "ce": 7.6214, "surp": 205.59162, "rent": 0.99999, "div": -0.14283, "persist": -7.52218, "steps_per_s": 1.34, "t": "22:22:24"}
{"step": 2050, "ce": 8.05848, "surp": 204.89404, "rent": 0.99999, "div": -0.14281, "persist": -7.5461, "steps_per_s": 1.341, "t": "22:22:41"}
{"step": 2075, "self_mse": 0.00566, "var_floor": 1.0, "rms": 1.3649, "max_norm": 4.822, "steps_per_s": 1.344, "t": "22:22:56"}
{"step": 2100, "ce": 7.93802, "surp": 203.46404, "rent": 0.99999, "div": -0.14263, "persist": -7.59172, "steps_per_s": 1.344, "t": "22:23:14"}
{"step": 2125, "ce": 6.99758, "surp": 203.55333, "rent": 0.99999, "div": -0.14285, "persist": -7.61401, "steps_per_s": 1.344, "t": "22:23:33"}
{"step": 2150, "ce": 7.04586, "surp": 204.09203, "rent": 0.99999, "div": -0.14285, "persist": -7.6373, "steps_per_s": 1.346, "t": "22:23:50"}
{"step": 2175, "ce": 7.31691, "surp": 204.05738, "rent": 0.99999, "div": -0.14284, "persist": -7.66154, "steps_per_s": 1.346, "t": "22:24:08"}
{"step": 2200, "ce": 7.4198, "surp": 203.99701, "rent": 0.99999, "div": -0.14285, "persist": -7.67735, "steps_per_s": 1.348, "t": "22:24:24"}
{"step": 2225, "self_mse": 0.00216, "var_floor": 1.0, "rms": 1.1523, "max_norm": 3.812, "steps_per_s": 1.35, "t": "22:24:40"}
{"step": 2250, "self_mse": 0.01328, "var_floor": 1.0, "rms": 1.2864, "max_norm": 4.909, "steps_per_s": 1.35, "t": "22:24:59"}
{"step": 2275, "ce": 7.11749, "surp": 203.13988, "rent": 0.99998, "div": -0.14283, "persist": -7.72609, "steps_per_s": 1.35, "t": "22:25:17"}
{"step": 2300, "ce": 6.86477, "surp": 202.81827, "rent": 0.99998, "div": -0.14272, "persist": -7.74088, "steps_per_s": 1.351, "t": "22:25:35"}
{"step": 2325, "self_mse": 0.00867, "var_floor": 1.0, "rms": 1.2809, "max_norm": 4.578, "steps_per_s": 1.351, "t": "22:25:53"}
{"step": 2350, "ce": 7.25822, "surp": 203.5959, "rent": 0.99999, "div": -0.14284, "persist": -7.76747, "steps_per_s": 1.351, "t": "22:26:12"}
{"step": 2375, "self_mse": 0.00446, "var_floor": 1.0, "rms": 1.2247, "max_norm": 4.129, "steps_per_s": 1.351, "t": "22:26:30"}
{"step": 2400, "self_mse": 0.00341, "var_floor": 1.0, "rms": 1.3549, "max_norm": 4.289, "steps_per_s": 1.351, "t": "22:26:48"}
{"step": 2425, "self_mse": 0.00573, "var_floor": 1.0, "rms": 1.275, "max_norm": 4.743, "steps_per_s": 1.351, "t": "22:27:07"}
{"step": 2450, "ce": 6.82371, "surp": 203.08509, "rent": 0.99999, "div": -0.14286, "persist": -7.81392, "steps_per_s": 1.352, "t": "22:27:24"}
{"step": 2475, "ce": 7.56447, "surp": 200.99955, "rent": 0.99998, "div": -0.14285, "persist": -7.8252, "steps_per_s": 1.354, "t": "22:27:40"}
{"step": 2500, "ce": 7.12543, "surp": 204.1327, "rent": 0.99999, "div": -0.14285, "persist": -7.83203, "steps_per_s": 1.355, "t": "22:27:57"}
{"step": 2500, "val_ce_nats": 7.5767, "floor_L1": 7.1, "floor_L2": 4.47, "t": "22:28:00"}
{"event": "ckpt", "step": 2500, "t": "22:28:02"}
{"step": 2525, "self_mse": 0.45724, "var_floor": 1.0, "rms": 1.2662, "max_norm": 4.504, "steps_per_s": 1.351, "t": "22:28:20"}
{"step": 2550, "ce": 7.57493, "surp": 201.3353, "rent": 0.99999, "div": -0.14209, "persist": -7.80431, "steps_per_s": 1.352, "t": "22:28:39"}
{"step": 2575, "ce": 7.70985, "surp": 202.57477, "rent": 0.99998, "div": -0.1427, "persist": -7.82792, "steps_per_s": 1.352, "t": "22:28:57"}
{"step": 2600, "ce": 8.77427, "surp": 202.02818, "rent": 0.99999, "div": -0.14281, "persist": -7.84555, "steps_per_s": 1.352, "t": "22:29:15"}
{"step": 2625, "ce": 6.99057, "surp": 201.70936, "rent": 0.99998, "div": -0.14284, "persist": -7.86172, "steps_per_s": 1.352, "t": "22:29:34"}
{"step": 2650, "ce": 7.37228, "surp": 200.86771, "rent": 0.99998, "div": -0.14285, "persist": -7.87341, "steps_per_s": 1.352, "t": "22:29:52"}
{"step": 2675, "ce": 7.61775, "surp": 201.18833, "rent": 0.99998, "div": -0.14285, "persist": -7.88212, "steps_per_s": 1.354, "t": "22:30:08"}
{"step": 2700, "ce": 6.86772, "surp": 201.05261, "rent": 0.99999, "div": -0.14285, "persist": -7.89069, "steps_per_s": 1.354, "t": "22:30:26"}
{"step": 2725, "ce": 6.92981, "surp": 201.57228, "rent": 0.99999, "div": -0.14285, "persist": -7.89902, "steps_per_s": 1.353, "t": "22:30:45"}
{"step": 2750, "ce": 7.04293, "surp": 201.13079, "rent": 0.99999, "div": -0.14279, "persist": -7.90484, "steps_per_s": 1.354, "t": "22:31:02"}
{"step": 2775, "self_mse": 0.00545, "var_floor": 1.0, "rms": 1.8796, "max_norm": 4.793, "steps_per_s": 1.355, "t": "22:31:21"}
{"step": 2800, "ce": 6.53506, "surp": 200.38218, "rent": 0.99999, "div": -0.14286, "persist": -7.91251, "steps_per_s": 1.356, "t": "22:31:37"}
{"step": 2825, "self_mse": 0.00279, "var_floor": 1.0, "rms": 1.0766, "max_norm": 4.814, "steps_per_s": 1.357, "t": "22:31:54"}
{"step": 2850, "self_mse": 0.00321, "var_floor": 1.0, "rms": 1.0313, "max_norm": 3.903, "steps_per_s": 1.357, "t": "22:32:12"}
{"step": 2875, "ce": 7.03034, "surp": 200.04035, "rent": 0.99998, "div": -0.14286, "persist": -7.92487, "steps_per_s": 1.358, "t": "22:32:28"}
{"step": 2900, "ce": 7.13988, "surp": 199.03839, "rent": 0.99998, "div": -0.14285, "persist": -7.92741, "steps_per_s": 1.36, "t": "22:32:45"}
{"step": 2925, "ce": 7.36419, "surp": 206.46229, "rent": 0.99999, "div": -0.14285, "persist": -7.93234, "steps_per_s": 1.359, "t": "22:33:04"}
{"step": 2950, "self_mse": 0.00878, "var_floor": 1.0, "rms": 1.4331, "max_norm": 4.18, "steps_per_s": 1.359, "t": "22:33:22"}
{"step": 2975, "self_mse": 0.00458, "var_floor": 1.0, "rms": 1.0611, "max_norm": 4.665, "steps_per_s": 1.36, "t": "22:33:40"}
{"step": 3000, "ce": 7.21303, "surp": 206.8264, "rent": 0.99998, "div": -0.14281, "persist": -7.94076, "steps_per_s": 1.361, "t": "22:33:56"}
{"step": 3000, "val_ce_nats": 7.5356, "floor_L1": 7.1, "floor_L2": 4.47, "t": "22:33:59"}
{"step": 3025, "self_mse": 0.00323, "var_floor": 1.0, "rms": 1.3675, "max_norm": 4.687, "steps_per_s": 1.36, "t": "22:34:16"}
{"step": 3050, "ce": 7.59556, "surp": 204.88866, "rent": 0.99998, "div": -0.14285, "persist": -7.94563, "steps_per_s": 1.36, "t": "22:34:34"}
{"step": 3075, "self_mse": 0.01357, "var_floor": 1.0, "rms": 1.1091, "max_norm": 4.504, "steps_per_s": 1.361, "t": "22:34:52"}
{"step": 3100, "ce": 7.22584, "surp": 210.35088, "rent": 0.99999, "div": -0.14284, "persist": -7.94882, "steps_per_s": 1.361, "t": "22:35:10"}
{"step": 3125, "ce": 6.53219, "surp": 208.54126, "rent": 0.99998, "div": -0.14284, "persist": -7.95091, "steps_per_s": 1.362, "t": "22:35:27"}
{"step": 3150, "self_mse": 0.00756, "var_floor": 1.0, "rms": 1.2566, "max_norm": 4.78, "steps_per_s": 1.361, "t": "22:35:46"}
{"step": 3175, "self_mse": 0.02542, "var_floor": 1.0, "rms": 1.4963, "max_norm": 4.883, "steps_per_s": 1.362, "t": "22:36:03"}
{"step": 3200, "ce": 7.61628, "surp": 203.17351, "rent": 0.99998, "div": -0.14285, "persist": -7.95468, "steps_per_s": 1.362, "t": "22:36:21"}
{"step": 3225, "self_mse": 0.00503, "var_floor": 1.0, "rms": 1.5606, "max_norm": 4.566, "steps_per_s": 1.363, "t": "22:36:38"}
{"step": 3250, "ce": 7.62642, "surp": 201.86071, "rent": 0.99998, "div": -0.14285, "persist": -7.95503, "steps_per_s": 1.363, "t": "22:36:56"}
{"step": 3275, "ce": 7.33471, "surp": 201.05508, "rent": 0.99998, "div": -0.14286, "persist": -7.95648, "steps_per_s": 1.363, "t": "22:37:14"}
{"step": 3300, "ce": 7.58224, "surp": 201.3551, "rent": 0.99998, "div": -0.14286, "persist": -7.95793, "steps_per_s": 1.363, "t": "22:37:33"}
{"step": 3325, "self_mse": 0.00664, "var_floor": 1.0, "rms": 1.1857, "max_norm": 4.718, "steps_per_s": 1.363, "t": "22:37:51"}
{"step": 3350, "ce": 7.7535, "surp": 198.74584, "rent": 0.99998, "div": -0.14282, "persist": -7.96059, "steps_per_s": 1.363, "t": "22:38:10"}
{"step": 3375, "ce": 7.38503, "surp": 197.71288, "rent": 0.99998, "div": -0.14286, "persist": -7.96202, "steps_per_s": 1.362, "t": "22:38:30"}
{"step": 3400, "ce": 7.13381, "surp": 198.09169, "rent": 0.99998, "div": -0.14286, "persist": -7.96394, "steps_per_s": 1.361, "t": "22:38:51"}
{"step": 3425, "ce": 7.48129, "surp": 197.42375, "rent": 0.99999, "div": -0.14285, "persist": -7.96539, "steps_per_s": 1.361, "t": "22:39:09"}
{"step": 3450, "self_mse": 0.00713, "var_floor": 1.0, "rms": 0.9449, "max_norm": 4.198, "steps_per_s": 1.36, "t": "22:39:29"}
{"step": 3475, "self_mse": 0.00268, "var_floor": 1.0, "rms": 0.9876, "max_norm": 4.201, "steps_per_s": 1.358, "t": "22:39:50"}
{"step": 3500, "self_mse": 0.00484, "var_floor": 1.0, "rms": 1.064, "max_norm": 4.829, "steps_per_s": 1.359, "t": "22:40:07"}
{"step": 3500, "val_ce_nats": 7.5444, "floor_L1": 7.1, "floor_L2": 4.47, "t": "22:40:10"}
{"step": 3525, "self_mse": 0.00492, "var_floor": 1.0, "rms": 1.2031, "max_norm": 5.137, "steps_per_s": 1.357, "t": "22:40:29"}
{"step": 3550, "ce": 7.04717, "surp": 204.7598, "rent": 0.99998, "div": -0.14283, "persist": -7.97706, "steps_per_s": 1.357, "t": "22:40:48"}
{"step": 3575, "ce": 7.15022, "surp": 204.44434, "rent": 0.99998, "div": -0.14285, "persist": -7.97829, "steps_per_s": 1.356, "t": "22:41:07"}
{"step": 3600, "self_mse": 0.00417, "var_floor": 1.0, "rms": 1.2766, "max_norm": 4.903, "steps_per_s": 1.356, "t": "22:41:27"}
{"step": 3625, "ce": 7.51461, "surp": 204.12209, "rent": 0.99998, "div": -0.14285, "persist": -7.98035, "steps_per_s": 1.355, "t": "22:41:47"}
{"step": 3650, "ce": 7.92904, "surp": 204.12228, "rent": 0.99998, "div": -0.14284, "persist": -7.98148, "steps_per_s": 1.354, "t": "22:42:08"}
{"step": 3675, "ce": 7.23371, "surp": 202.96285, "rent": 0.99998, "div": -0.14282, "persist": -7.98236, "steps_per_s": 1.353, "t": "22:42:27"}
{"step": 3700, "self_mse": 0.00441, "var_floor": 1.0, "rms": 1.3822, "max_norm": 4.481, "steps_per_s": 1.353, "t": "22:42:46"}
{"step": 3725, "ce": 7.44459, "surp": 199.95541, "rent": 0.99998, "div": -0.14285, "persist": -7.98449, "steps_per_s": 1.353, "t": "22:43:05"}
{"step": 3750, "self_mse": 0.02056, "var_floor": 1.0, "rms": 1.5681, "max_norm": 4.694, "steps_per_s": 1.352, "t": "22:43:25"}
{"step": 3775, "ce": 7.51311, "surp": 202.44805, "rent": 0.99998, "div": -0.14216, "persist": -7.97336, "steps_per_s": 1.351, "t": "22:43:47"}
{"step": 3800, "ce": 7.74494, "surp": 203.396, "rent": 0.99998, "div": -0.14281, "persist": -7.98451, "steps_per_s": 1.35, "t": "22:44:07"}
{"step": 3825, "ce": 7.52528, "surp": 199.79653, "rent": 0.99998, "div": -0.14279, "persist": -7.98609, "steps_per_s": 1.349, "t": "22:44:27"}
{"step": 3850, "ce": 7.32624, "surp": 200.38122, "rent": 0.99998, "div": -0.14285, "persist": -7.98881, "steps_per_s": 1.348, "t": "22:44:48"}
{"step": 3875, "ce": 6.93791, "surp": 200.37356, "rent": 0.99998, "div": -0.14285, "persist": -7.98991, "steps_per_s": 1.347, "t": "22:45:08"}
{"step": 3900, "self_mse": 0.00466, "var_floor": 1.0, "rms": 1.0954, "max_norm": 4.639, "steps_per_s": 1.347, "t": "22:45:28"}
{"step": 3925, "ce": 6.84095, "surp": 200.42538, "rent": 0.99998, "div": -0.14286, "persist": -7.99097, "steps_per_s": 1.347, "t": "22:45:47"}
{"step": 3950, "self_mse": 0.0043, "var_floor": 1.0, "rms": 1.2205, "max_norm": 4.566, "steps_per_s": 1.346, "t": "22:46:06"}
{"step": 3975, "ce": 5.96423, "surp": 201.01875, "rent": 0.99998, "div": -0.14286, "persist": -7.99168, "steps_per_s": 1.346, "t": "22:46:25"}
{"step": 4000, "ce": 7.74764, "surp": 201.19447, "rent": 0.99998, "div": -0.14286, "persist": -7.99199, "steps_per_s": 1.345, "t": "22:46:46"}
{"step": 4000, "val_ce_nats": 7.4833, "floor_L1": 7.1, "floor_L2": 4.47, "t": "22:46:49"}
{"step": 4025, "ce": 7.58756, "surp": 199.82002, "rent": 0.99998, "div": -0.14286, "persist": -7.99231, "steps_per_s": 1.344, "t": "22:47:07"}
{"step": 4050, "self_mse": 0.00401, "var_floor": 1.0, "rms": 1.3158, "max_norm": 4.829, "steps_per_s": 1.345, "t": "22:47:24"}
{"step": 4075, "ce": 6.90525, "surp": 198.98278, "rent": 0.99998, "div": -0.14286, "persist": -7.99271, "steps_per_s": 1.345, "t": "22:47:42"}
{"step": 4100, "ce": 7.57054, "surp": 201.61159, "rent": 0.99998, "div": -0.14285, "persist": -7.99292, "steps_per_s": 1.345, "t": "22:48:01"}
{"step": 4125, "ce": 7.22502, "surp": 200.24258, "rent": 0.99998, "div": -0.14279, "persist": -7.99311, "steps_per_s": 1.345, "t": "22:48:20"}
{"step": 4150, "self_mse": 0.00514, "var_floor": 1.0, "rms": 0.8517, "max_norm": 4.585, "steps_per_s": 1.345, "t": "22:48:37"}
{"step": 4175, "self_mse": 0.00419, "var_floor": 1.0, "rms": 1.0843, "max_norm": 5.033, "steps_per_s": 1.346, "t": "22:48:53"}
{"step": 4200, "self_mse": 0.00284, "var_floor": 1.0, "rms": 0.899, "max_norm": 4.264, "steps_per_s": 1.347, "t": "22:49:11"}
{"step": 4225, "ce": 7.45764, "surp": 199.37859, "rent": 0.99998, "div": -0.14282, "persist": -7.99414, "steps_per_s": 1.346, "t": "22:49:30"}
{"step": 4250, "ce": 6.36683, "surp": 198.1861, "rent": 0.99998, "div": -0.1428, "persist": -7.99441, "steps_per_s": 1.347, "t": "22:49:48"}
{"step": 4275, "ce": 7.68658, "surp": 198.88854, "rent": 0.99998, "div": -0.14286, "persist": -7.99465, "steps_per_s": 1.346, "t": "22:50:07"}
{"step": 4300, "ce": 7.9343, "surp": 199.10326, "rent": 0.99998, "div": -0.14286, "persist": -7.99481, "steps_per_s": 1.346, "t": "22:50:26"}
{"step": 4325, "self_mse": 0.00708, "var_floor": 1.0, "rms": 0.987, "max_norm": 5.062, "steps_per_s": 1.346, "t": "22:50:45"}
{"step": 4350, "self_mse": 0.00359, "var_floor": 1.0, "rms": 0.8983, "max_norm": 3.786, "steps_per_s": 1.346, "t": "22:51:03"}
{"step": 4375, "ce": 7.71745, "surp": 197.82023, "rent": 0.99998, "div": -0.14286, "persist": -7.99547, "steps_per_s": 1.346, "t": "22:51:23"}
{"step": 4400, "ce": 7.43007, "surp": 198.34813, "rent": 0.99998, "div": -0.14285, "persist": -7.99579, "steps_per_s": 1.345, "t": "22:51:44"}
{"step": 4425, "self_mse": 0.00541, "var_floor": 1.0, "rms": 0.8752, "max_norm": 4.499, "steps_per_s": 1.345, "t": "22:52:01"}
{"step": 4450, "self_mse": 0.00226, "var_floor": 1.0, "rms": 1.0895, "max_norm": 4.029, "steps_per_s": 1.346, "t": "22:52:19"}
{"step": 4475, "ce": 7.18176, "surp": 198.6611, "rent": 0.99998, "div": -0.14284, "persist": -7.99634, "steps_per_s": 1.347, "t": "22:52:33"}
{"step": 4500, "ce": 5.74424, "surp": 198.41716, "rent": 0.99998, "div": -0.14286, "persist": -7.99665, "steps_per_s": 1.348, "t": "22:52:51"}
{"step": 4500, "val_ce_nats": 7.5259, "floor_L1": 7.1, "floor_L2": 4.47, "t": "22:52:54"}
{"step": 4525, "self_mse": 0.0085, "var_floor": 1.0, "rms": 0.9561, "max_norm": 4.693, "steps_per_s": 1.347, "t": "22:53:11"}
{"step": 4550, "ce": 7.26347, "surp": 203.69303, "rent": 0.99998, "div": -0.14284, "persist": -7.99598, "steps_per_s": 1.348, "t": "22:53:28"}
{"step": 4575, "self_mse": 0.0029, "var_floor": 1.0, "rms": 0.9384, "max_norm": 4.543, "steps_per_s": 1.348, "t": "22:53:46"}
{"step": 4600, "ce": 7.39308, "surp": 211.93994, "rent": 0.99998, "div": -0.14286, "persist": -7.99763, "steps_per_s": 1.348, "t": "22:54:04"}
{"step": 4625, "self_mse": 0.0026, "var_floor": 1.0, "rms": 0.9923, "max_norm": 4.533, "steps_per_s": 1.349, "t": "22:54:21"}
{"step": 4650, "self_mse": 0.00492, "var_floor": 1.0, "rms": 1.1376, "max_norm": 5.351, "steps_per_s": 1.349, "t": "22:54:39"}
{"step": 4675, "self_mse": 0.00348, "var_floor": 1.0, "rms": 0.9805, "max_norm": 4.358, "steps_per_s": 1.35, "t": "22:54:55"}
{"step": 4700, "self_mse": 0.00268, "var_floor": 1.0, "rms": 1.0682, "max_norm": 4.078, "steps_per_s": 1.351, "t": "22:55:11"}
{"step": 4725, "ce": 7.48661, "surp": 202.49269, "rent": 0.99997, "div": -0.14286, "persist": -7.99857, "steps_per_s": 1.351, "t": "22:55:29"}
{"step": 4750, "self_mse": 0.00359, "var_floor": 1.0, "rms": 0.9252, "max_norm": 4.135, "steps_per_s": 1.351, "t": "22:55:47"}
{"step": 4775, "ce": 7.6574, "surp": 200.74974, "rent": 0.99997, "div": -0.14286, "persist": -7.9988, "steps_per_s": 1.352, "t": "22:56:03"}
{"step": 4800, "ce": 6.94065, "surp": 200.65038, "rent": 0.99997, "div": -0.14286, "persist": -7.99889, "steps_per_s": 1.353, "t": "22:56:21"}
{"step": 4825, "ce": 7.49673, "surp": 199.41332, "rent": 0.99997, "div": -0.14286, "persist": -7.99896, "steps_per_s": 1.353, "t": "22:56:38"}
{"step": 4850, "ce": 6.13236, "surp": 196.37885, "rent": 0.99997, "div": -0.14286, "persist": -7.99901, "steps_per_s": 1.353, "t": "22:56:56"}
{"step": 4875, "ce": 6.37913, "surp": 196.59899, "rent": 0.99997, "div": -0.14286, "persist": -7.99906, "steps_per_s": 1.354, "t": "22:57:12"}
{"step": 4900, "ce": 7.53022, "surp": 196.10503, "rent": 0.99996, "div": -0.14286, "persist": -7.99912, "steps_per_s": 1.354, "t": "22:57:31"}
{"step": 4925, "ce": 7.58458, "surp": 196.01389, "rent": 0.99996, "div": -0.14286, "persist": -7.99916, "steps_per_s": 1.355, "t": "22:57:48"}
{"step": 4950, "self_mse": 0.00843, "var_floor": 1.0, "rms": 1.0116, "max_norm": 4.643, "steps_per_s": 1.355, "t": "22:58:06"}
{"step": 4975, "self_mse": 0.00514, "var_floor": 1.0, "rms": 1.1619, "max_norm": 5.108, "steps_per_s": 1.355, "t": "22:58:24"}
{"step": 5000, "self_mse": 0.00343, "var_floor": 1.0, "rms": 0.986, "max_norm": 4.457, "steps_per_s": 1.356, "t": "22:58:38"}
{"step": 5000, "val_ce_nats": 7.5666, "floor_L1": 7.1, "floor_L2": 4.47, "t": "22:58:41"}
{"event": "ckpt", "step": 5000, "t": "22:58:43"}
{"step": 5025, "self_mse": 0.00858, "var_floor": 1.0, "rms": 1.2145, "max_norm": 4.176, "steps_per_s": 1.355, "t": "22:59:01"}
{"step": 5050, "ce": 7.76146, "surp": 198.03064, "rent": 0.99996, "div": -0.14284, "persist": -7.99944, "steps_per_s": 1.354, "t": "22:59:20"}
{"step": 5075, "ce": 7.45045, "surp": 198.60471, "rent": 0.99995, "div": -0.14286, "persist": -7.9995, "steps_per_s": 1.355, "t": "22:59:38"}
{"step": 5100, "ce": 6.06442, "surp": 198.6885, "rent": 0.99995, "div": -0.14286, "persist": -7.99956, "steps_per_s": 1.356, "t": "22:59:54"}
{"step": 5125, "self_mse": 0.00407, "var_floor": 1.0, "rms": 1.0696, "max_norm": 5.283, "steps_per_s": 1.355, "t": "23:00:14"}
{"step": 5150, "self_mse": 0.00255, "var_floor": 1.0, "rms": 1.3777, "max_norm": 4.258, "steps_per_s": 1.355, "t": "23:00:31"}
{"step": 5175, "self_mse": 0.00306, "var_floor": 1.0, "rms": 1.157, "max_norm": 4.583, "steps_per_s": 1.355, "t": "23:00:50"}
{"step": 5200, "ce": 7.23022, "surp": 197.68608, "rent": 0.99993, "div": -0.14285, "persist": -7.99989, "steps_per_s": 1.355, "t": "23:01:09"}
{"step": 5225, "ce": 7.44704, "surp": 196.68351, "rent": 0.99992, "div": -0.14286, "persist": -7.99995, "steps_per_s": 1.356, "t": "23:01:26"}
{"step": 5250, "ce": 6.66245, "surp": 195.59707, "rent": 0.99991, "div": -0.14286, "persist": -8.0, "steps_per_s": 1.356, "t": "23:01:45"}
{"step": 5275, "ce": 7.2679, "surp": 197.19734, "rent": 0.99989, "div": -0.14286, "persist": -8.0, "steps_per_s": 1.355, "t": "23:02:04"}
{"step": 5300, "self_mse": 0.00346, "var_floor": 1.0, "rms": 0.9582, "max_norm": 4.192, "steps_per_s": 1.356, "t": "23:02:21"}
